lo IP Address 127.0.0.1
ens33 IP Address 192.168.159.137
IP Address 127.0.0.1
IP Address 192.168.159.137
1c1,265
< sendto(0, "zyxwvutsrqponmlkjihgfedcba", 26, MSG_DONTROUTE, NULL, 0) = 26
---
> 
> mym_waitpid=101304
> 
> mym_waitpid=101304
> 
> mym_waitpid=101304
> 
> syscall_enter_mym_scno=59  sys_name=execve
> 
> mym_waitpid=101304
> 
> mym_waitpid=101304
> 
> syscall_exit_mym_scno=59  sys_name=execve
> 
> mym_waitpid=101304
> 
> syscall_enter_mym_scno=12  sys_name=brk
> 
> mym_waitpid=101304
> 
> syscall_exit_mym_scno=12  sys_name=brk
> 
> mym_waitpid=101304
> 
> syscall_enter_mym_scno=21  sys_name=access
> 
> mym_waitpid=101304
> 
> syscall_exit_mym_scno=21  sys_name=access
> 
> mym_waitpid=101304
> 
> syscall_enter_mym_scno=9  sys_name=mmap
> 
> mym_waitpid=101304
> 
> syscall_exit_mym_scno=9  sys_name=mmap
> 
> mym_waitpid=101304
> 
> syscall_enter_mym_scno=21  sys_name=access
> 
> mym_waitpid=101304
> 
> syscall_exit_mym_scno=21  sys_name=access
> 
> mym_waitpid=101304
> 
> syscall_enter_mym_scno=2  sys_name=open
> 
> mym_waitpid=101304
> 
> syscall_exit_mym_scno=2  sys_name=open
> 
> mym_waitpid=101304
> 
> syscall_enter_mym_scno=5  sys_name=fstat
> 
> mym_waitpid=101304
> 
> syscall_exit_mym_scno=5  sys_name=fstat
> 
> mym_waitpid=101304
> 
> syscall_enter_mym_scno=9  sys_name=mmap
> 
> mym_waitpid=101304
> 
> syscall_exit_mym_scno=9  sys_name=mmap
> 
> mym_waitpid=101304
> 
> syscall_enter_mym_scno=3  sys_name=close
> 
> mym_waitpid=101304
> 
> syscall_exit_mym_scno=3  sys_name=close
> 
> mym_waitpid=101304
> 
> syscall_enter_mym_scno=21  sys_name=access
> 
> mym_waitpid=101304
> 
> syscall_exit_mym_scno=21  sys_name=access
> 
> mym_waitpid=101304
> 
> syscall_enter_mym_scno=2  sys_name=open
> 
> mym_waitpid=101304
> 
> syscall_exit_mym_scno=2  sys_name=open
> 
> mym_waitpid=101304
> 
> syscall_enter_mym_scno=0  sys_name=read
> 
> mym_waitpid=101304
> 
> syscall_exit_mym_scno=0  sys_name=read
> 
> mym_waitpid=101304
> 
> syscall_enter_mym_scno=5  sys_name=fstat
> 
> mym_waitpid=101304
> 
> syscall_exit_mym_scno=5  sys_name=fstat
> 
> mym_waitpid=101304
> 
> syscall_enter_mym_scno=9  sys_name=mmap
> 
> mym_waitpid=101304
> 
> syscall_exit_mym_scno=9  sys_name=mmap
> 
> mym_waitpid=101304
> 
> syscall_enter_mym_scno=10  sys_name=mprotect
> 
> mym_waitpid=101304
> 
> syscall_exit_mym_scno=10  sys_name=mprotect
> 
> mym_waitpid=101304
> 
> syscall_enter_mym_scno=9  sys_name=mmap
> 
> mym_waitpid=101304
> 
> syscall_exit_mym_scno=9  sys_name=mmap
> 
> mym_waitpid=101304
> 
> syscall_enter_mym_scno=9  sys_name=mmap
> 
> mym_waitpid=101304
> 
> syscall_exit_mym_scno=9  sys_name=mmap
> 
> mym_waitpid=101304
> 
> syscall_enter_mym_scno=3  sys_name=close
> 
> mym_waitpid=101304
> 
> syscall_exit_mym_scno=3  sys_name=close
> 
> mym_waitpid=101304
> 
> syscall_enter_mym_scno=9  sys_name=mmap
> 
> mym_waitpid=101304
> 
> syscall_exit_mym_scno=9  sys_name=mmap
> 
> mym_waitpid=101304
> 
> syscall_enter_mym_scno=9  sys_name=mmap
> 
> mym_waitpid=101304
> 
> syscall_exit_mym_scno=9  sys_name=mmap
> 
> mym_waitpid=101304
> 
> syscall_enter_mym_scno=9  sys_name=mmap
> 
> mym_waitpid=101304
> 
> syscall_exit_mym_scno=9  sys_name=mmap
> 
> mym_waitpid=101304
> 
> syscall_enter_mym_scno=158  sys_name=arch_prctl
> 
> mym_waitpid=101304
> 
> syscall_exit_mym_scno=158  sys_name=arch_prctl
> 
> mym_waitpid=101304
> 
> syscall_enter_mym_scno=10  sys_name=mprotect
> 
> mym_waitpid=101304
> 
> syscall_exit_mym_scno=10  sys_name=mprotect
> 
> mym_waitpid=101304
> 
> syscall_enter_mym_scno=10  sys_name=mprotect
> 
> mym_waitpid=101304
> 
> syscall_exit_mym_scno=10  sys_name=mprotect
> 
> mym_waitpid=101304
> 
> syscall_enter_mym_scno=10  sys_name=mprotect
> 
> mym_waitpid=101304
> 
> syscall_exit_mym_scno=10  sys_name=mprotect
> 
> mym_waitpid=101304
> 
> syscall_enter_mym_scno=11  sys_name=munmap
> 
> mym_waitpid=101304
> 
> syscall_exit_mym_scno=11  sys_name=munmap
> 
> mym_waitpid=101304
> 
> syscall_enter_mym_scno=3  sys_name=close
> 
> mym_waitpid=101304
> 
> syscall_exit_mym_scno=3  sys_name=close
> 
> mym_waitpid=101304
> 
> syscall_enter_mym_scno=3  sys_name=close
> 
> mym_waitpid=101304
> 
> syscall_exit_mym_scno=3  sys_name=close
> 
> mym_waitpid=101304
> 
> syscall_enter_mym_scno=53  sys_name=socketpair
> 
> mym_waitpid=101304
> 
> syscall_exit_mym_scno=53  sys_name=socketpair
> 
> mym_waitpid=101304
> 
> syscall_enter_mym_scno=56  sys_name=clone
> 
> mym_waitpid=101304
> 
> syscall_exit_mym_scno=56  sys_name=clone
> 
> mym_waitpid=101304
> 
> syscall_enter_mym_scno=3  sys_name=close
> 
> mym_waitpid=101304
> 
> syscall_exit_mym_scno=3  sys_name=close
> 
> mym_waitpid=101304
> 
> syscall_enter_mym_scno=44  sys_name=sendto
> sendto(0, "zyxwvutsrqponmlkjihgfedcba", 26, MSG_DONTROUTE, NULL, 0
> mym_waitpid=101304
> 
> syscall_exit_mym_scno=44  sys_name=sendto
> 
> mym_scall_rval=0x1a
> ) = 26
4c268,278
< recvfrom(0, "abcdefghijklmnopqrstuvwxyz", 26, MSG_WAITALL, NULL, NULL) = 26
---
> 
> mym_waitpid=101304
> 
> syscall_enter_mym_scno=45  sys_name=recvfrom
> recvfrom(0, 
> mym_waitpid=101304
> 
> syscall_exit_mym_scno=45  sys_name=recvfrom
> "abcdefghijklmnopqrstuvwxyz", 26, MSG_WAITALL, NULL, NULL
> mym_scall_rval=0x1a
> ) = 26
6a281,304
> 
> mym_waitpid=101304
> 
> syscall_enter_mym_scno=3  sys_name=close
> 
> mym_waitpid=101304
> 
> syscall_exit_mym_scno=3  sys_name=close
> 
> mym_waitpid=101304
> 
> syscall_enter_mym_scno=61  sys_name=wait4
> 
> mym_waitpid=101304
> 
> syscall_exit_mym_scno=61  sys_name=wait4
> 
> mym_waitpid=101304
> 
> mym_waitpid=101304
> 
> syscall_enter_mym_scno=231  sys_name=exit_group
> 
> mym_waitpid=101304
dumpio.test: failed test: ../strace -esignal=none -esendto,recvfrom -eread=0 -ewrite=0 ./unix-pair-send-recv abcdefghijklmnopqrstuvwxyz output mismatch
