1,8c1,380
< fcntl(0, F_SETLK, {l_type=F_RDLCK, l_whence=SEEK_SET, l_start=-2379362051860529427, l_len=-2379362048367726579}) = -1 EINVAL (Invalid argument)
< fcntl(0, F_SETLKW, {l_type=F_RDLCK, l_whence=SEEK_SET, l_start=-2379362051860529427, l_len=-2379362048367726579}) = -1 EINVAL (Invalid argument)
< fcntl(0, F_SETLK, {l_type=F_RDLCK, l_whence=SEEK_SET, l_start=0, l_len=4096}) = 0
< fcntl(0, F_GETLK, {l_type=F_UNLCK, l_whence=SEEK_SET, l_start=0, l_len=4096, l_pid=0}) = 0
< fcntl(0, F_SETLK, {l_type=F_UNLCK, l_whence=SEEK_SET, l_start=0, l_len=4096}) = 0
< fcntl(0, F_SETLK64, 0x7ffe664a4640) = -1 EINVAL (Invalid argument)
< fcntl(0, F_SETLKW64, 0x7ffe664a4640) = -1 EINVAL (Invalid argument)
< fcntl(0, F_GETLK64, 0x7ffe664a4640) = -1 EINVAL (Invalid argument)
---
> 
> mym_waitpid=101430
> 
> mym_waitpid=101430
> 
> mym_waitpid=101430
> 
> syscall_enter_mym_scno=59  sys_name=execve
> 
> mym_waitpid=101430
> 
> mym_waitpid=101430
> 
> syscall_exit_mym_scno=59  sys_name=execve
> 
> mym_waitpid=101430
> 
> syscall_enter_mym_scno=12  sys_name=brk
> 
> mym_waitpid=101430
> 
> syscall_exit_mym_scno=12  sys_name=brk
> 
> mym_waitpid=101430
> 
> syscall_enter_mym_scno=21  sys_name=access
> 
> mym_waitpid=101430
> 
> syscall_exit_mym_scno=21  sys_name=access
> 
> mym_waitpid=101430
> 
> syscall_enter_mym_scno=9  sys_name=mmap
> 
> mym_waitpid=101430
> 
> syscall_exit_mym_scno=9  sys_name=mmap
> 
> mym_waitpid=101430
> 
> syscall_enter_mym_scno=21  sys_name=access
> 
> mym_waitpid=101430
> 
> syscall_exit_mym_scno=21  sys_name=access
> 
> mym_waitpid=101430
> 
> syscall_enter_mym_scno=2  sys_name=open
> 
> mym_waitpid=101430
> 
> syscall_exit_mym_scno=2  sys_name=open
> 
> mym_waitpid=101430
> 
> syscall_enter_mym_scno=5  sys_name=fstat
> 
> mym_waitpid=101430
> 
> syscall_exit_mym_scno=5  sys_name=fstat
> 
> mym_waitpid=101430
> 
> syscall_enter_mym_scno=9  sys_name=mmap
> 
> mym_waitpid=101430
> 
> syscall_exit_mym_scno=9  sys_name=mmap
> 
> mym_waitpid=101430
> 
> syscall_enter_mym_scno=3  sys_name=close
> 
> mym_waitpid=101430
> 
> syscall_exit_mym_scno=3  sys_name=close
> 
> mym_waitpid=101430
> 
> syscall_enter_mym_scno=21  sys_name=access
> 
> mym_waitpid=101430
> 
> syscall_exit_mym_scno=21  sys_name=access
> 
> mym_waitpid=101430
> 
> syscall_enter_mym_scno=2  sys_name=open
> 
> mym_waitpid=101430
> 
> syscall_exit_mym_scno=2  sys_name=open
> 
> mym_waitpid=101430
> 
> syscall_enter_mym_scno=0  sys_name=read
> 
> mym_waitpid=101430
> 
> syscall_exit_mym_scno=0  sys_name=read
> 
> mym_waitpid=101430
> 
> syscall_enter_mym_scno=5  sys_name=fstat
> 
> mym_waitpid=101430
> 
> syscall_exit_mym_scno=5  sys_name=fstat
> 
> mym_waitpid=101430
> 
> syscall_enter_mym_scno=9  sys_name=mmap
> 
> mym_waitpid=101430
> 
> syscall_exit_mym_scno=9  sys_name=mmap
> 
> mym_waitpid=101430
> 
> syscall_enter_mym_scno=10  sys_name=mprotect
> 
> mym_waitpid=101430
> 
> syscall_exit_mym_scno=10  sys_name=mprotect
> 
> mym_waitpid=101430
> 
> syscall_enter_mym_scno=9  sys_name=mmap
> 
> mym_waitpid=101430
> 
> syscall_exit_mym_scno=9  sys_name=mmap
> 
> mym_waitpid=101430
> 
> syscall_enter_mym_scno=9  sys_name=mmap
> 
> mym_waitpid=101430
> 
> syscall_exit_mym_scno=9  sys_name=mmap
> 
> mym_waitpid=101430
> 
> syscall_enter_mym_scno=3  sys_name=close
> 
> mym_waitpid=101430
> 
> syscall_exit_mym_scno=3  sys_name=close
> 
> mym_waitpid=101430
> 
> syscall_enter_mym_scno=9  sys_name=mmap
> 
> mym_waitpid=101430
> 
> syscall_exit_mym_scno=9  sys_name=mmap
> 
> mym_waitpid=101430
> 
> syscall_enter_mym_scno=9  sys_name=mmap
> 
> mym_waitpid=101430
> 
> syscall_exit_mym_scno=9  sys_name=mmap
> 
> mym_waitpid=101430
> 
> syscall_enter_mym_scno=9  sys_name=mmap
> 
> mym_waitpid=101430
> 
> syscall_exit_mym_scno=9  sys_name=mmap
> 
> mym_waitpid=101430
> 
> syscall_enter_mym_scno=158  sys_name=arch_prctl
> 
> mym_waitpid=101430
> 
> syscall_exit_mym_scno=158  sys_name=arch_prctl
> 
> mym_waitpid=101430
> 
> syscall_enter_mym_scno=10  sys_name=mprotect
> 
> mym_waitpid=101430
> 
> syscall_exit_mym_scno=10  sys_name=mprotect
> 
> mym_waitpid=101430
> 
> syscall_enter_mym_scno=10  sys_name=mprotect
> 
> mym_waitpid=101430
> 
> syscall_exit_mym_scno=10  sys_name=mprotect
> 
> mym_waitpid=101430
> 
> syscall_enter_mym_scno=10  sys_name=mprotect
> 
> mym_waitpid=101430
> 
> syscall_exit_mym_scno=10  sys_name=mprotect
> 
> mym_waitpid=101430
> 
> syscall_enter_mym_scno=11  sys_name=munmap
> 
> mym_waitpid=101430
> 
> syscall_exit_mym_scno=11  sys_name=munmap
> 
> mym_waitpid=101430
> 
> syscall_enter_mym_scno=3  sys_name=close
> 
> mym_waitpid=101430
> 
> syscall_exit_mym_scno=3  sys_name=close
> 
> mym_waitpid=101430
> 
> syscall_enter_mym_scno=39  sys_name=getpid
> 
> mym_waitpid=101430
> 
> syscall_exit_mym_scno=39  sys_name=getpid
> 
> mym_waitpid=101430
> 
> syscall_enter_mym_scno=2  sys_name=open
> 
> mym_waitpid=101430
> 
> syscall_exit_mym_scno=2  sys_name=open
> 
> mym_waitpid=101430
> 
> syscall_enter_mym_scno=87  sys_name=unlink
> 
> mym_waitpid=101430
> 
> syscall_exit_mym_scno=87  sys_name=unlink
> 
> mym_waitpid=101430
> 
> syscall_enter_mym_scno=77  sys_name=ftruncate
> 
> mym_waitpid=101430
> 
> syscall_exit_mym_scno=77  sys_name=ftruncate
> 
> mym_waitpid=101430
> 
> syscall_enter_mym_scno=72  sys_name=fcntl
> fcntl(0, F_SETLK, {l_type=F_RDLCK, l_whence=SEEK_SET, l_start=-2379362051860529427, l_len=-2379362048367726579}
> mym_waitpid=101430
> 
> syscall_exit_mym_scno=72  sys_name=fcntl
> 
> mym_scall_rval=0xffffffffffffffff
> ) = -1 EINVAL (Invalid argument)
> 
> mym_waitpid=101430
> 
> syscall_enter_mym_scno=5  sys_name=fstat
> 
> mym_waitpid=101430
> 
> syscall_exit_mym_scno=5  sys_name=fstat
> 
> mym_waitpid=101430
> 
> syscall_enter_mym_scno=12  sys_name=brk
> 
> mym_waitpid=101430
> 
> syscall_exit_mym_scno=12  sys_name=brk
> 
> mym_waitpid=101430
> 
> syscall_enter_mym_scno=12  sys_name=brk
> 
> mym_waitpid=101430
> 
> syscall_exit_mym_scno=12  sys_name=brk
> 
> mym_waitpid=101430
> 
> syscall_enter_mym_scno=72  sys_name=fcntl
> fcntl(0, F_SETLKW, {l_type=F_RDLCK, l_whence=SEEK_SET, l_start=-2379362051860529427, l_len=-2379362048367726579}
> mym_waitpid=101430
> 
> syscall_exit_mym_scno=72  sys_name=fcntl
> 
> mym_scall_rval=0xffffffffffffffff
> ) = -1 EINVAL (Invalid argument)
> 
> mym_waitpid=101430
> 
> syscall_enter_mym_scno=72  sys_name=fcntl
> fcntl(0, F_SETLK, {l_type=F_RDLCK, l_whence=SEEK_SET, l_start=0, l_len=4096}
> mym_waitpid=101430
> 
> syscall_exit_mym_scno=72  sys_name=fcntl
> 
> mym_scall_rval=0
> ) = 0
> 
> mym_waitpid=101430
> 
> syscall_enter_mym_scno=72  sys_name=fcntl
> fcntl(0, F_GETLK
> mym_waitpid=101430
> 
> syscall_exit_mym_scno=72  sys_name=fcntl
> , {l_type=F_UNLCK, l_whence=SEEK_SET, l_start=0, l_len=4096, l_pid=0}
> mym_scall_rval=0
> ) = 0
> 
> mym_waitpid=101430
> 
> syscall_enter_mym_scno=72  sys_name=fcntl
> fcntl(0, F_SETLK, {l_type=F_UNLCK, l_whence=SEEK_SET, l_start=0, l_len=4096}
> mym_waitpid=101430
> 
> syscall_exit_mym_scno=72  sys_name=fcntl
> 
> mym_scall_rval=0
> ) = 0
> 
> mym_waitpid=101430
> 
> syscall_enter_mym_scno=72  sys_name=fcntl
> fcntl(0, F_SETLK64, 0x7ffe664a4640
> mym_waitpid=101430
> 
> syscall_exit_mym_scno=72  sys_name=fcntl
> 
> mym_scall_rval=0xffffffffffffffff
> ) = -1 EINVAL (Invalid argument)
> 
> mym_waitpid=101430
> 
> syscall_enter_mym_scno=72  sys_name=fcntl
> fcntl(0, F_SETLKW64, 0x7ffe664a4640
> mym_waitpid=101430
> 
> syscall_exit_mym_scno=72  sys_name=fcntl
> 
> mym_scall_rval=0xffffffffffffffff
> ) = -1 EINVAL (Invalid argument)
> 
> mym_waitpid=101430
> 
> syscall_enter_mym_scno=72  sys_name=fcntl
> fcntl(0, F_GETLK64, 0x7ffe664a4640
> mym_waitpid=101430
> 
> syscall_exit_mym_scno=72  sys_name=fcntl
> 
> mym_scall_rval=0xffffffffffffffff
> ) = -1 EINVAL (Invalid argument)
> 
> mym_waitpid=101430
> 
> syscall_enter_mym_scno=1  sys_name=write
> 
> mym_waitpid=101430
> 
> syscall_exit_mym_scno=1  sys_name=write
> 
> mym_waitpid=101430
> 
> syscall_enter_mym_scno=231  sys_name=exit_group
> 
> mym_waitpid=101430
10,13d381
< lo IP Address 127.0.0.1
< ens33 IP Address 192.168.159.137
< IP Address 127.0.0.1
< IP Address 192.168.159.137
fcntl.test: failed test: ../strace -a8 -efcntl ./fcntl output mismatch
