1,4c1,296
< name_to_handle_at(AT_FDCWD, ".", {handle_bytes=0}, 0x7fff153fd834, AT_SYMLINK_FOLLOW|0x1) = -1 EINVAL (Invalid argument)
< name_to_handle_at(AT_FDCWD, ".", {handle_bytes=0 => 8}, 0x7fff153fd834, AT_SYMLINK_FOLLOW) = -1 EOVERFLOW (Value too large for defined data type)
< name_to_handle_at(AT_FDCWD, ".", {handle_bytes=8, handle_type=1, f_handle=0x700026008b393eab}, [25], AT_SYMLINK_FOLLOW) = 0
< open_by_handle_at(-1, {handle_bytes=8, handle_type=1, f_handle=0x700026008b393eab}, O_RDONLY|O_DIRECTORY) = -1 EBADF (Bad file descriptor)
---
> 
> mym_waitpid=101466
> 
> mym_waitpid=101466
> 
> mym_waitpid=101466
> 
> syscall_enter_mym_scno=59  sys_name=execve
> 
> mym_waitpid=101466
> 
> mym_waitpid=101466
> 
> syscall_exit_mym_scno=59  sys_name=execve
> 
> mym_waitpid=101466
> 
> syscall_enter_mym_scno=12  sys_name=brk
> 
> mym_waitpid=101466
> 
> syscall_exit_mym_scno=12  sys_name=brk
> 
> mym_waitpid=101466
> 
> syscall_enter_mym_scno=21  sys_name=access
> 
> mym_waitpid=101466
> 
> syscall_exit_mym_scno=21  sys_name=access
> 
> mym_waitpid=101466
> 
> syscall_enter_mym_scno=9  sys_name=mmap
> 
> mym_waitpid=101466
> 
> syscall_exit_mym_scno=9  sys_name=mmap
> 
> mym_waitpid=101466
> 
> syscall_enter_mym_scno=21  sys_name=access
> 
> mym_waitpid=101466
> 
> syscall_exit_mym_scno=21  sys_name=access
> 
> mym_waitpid=101466
> 
> syscall_enter_mym_scno=2  sys_name=open
> 
> mym_waitpid=101466
> 
> syscall_exit_mym_scno=2  sys_name=open
> 
> mym_waitpid=101466
> 
> syscall_enter_mym_scno=5  sys_name=fstat
> 
> mym_waitpid=101466
> 
> syscall_exit_mym_scno=5  sys_name=fstat
> 
> mym_waitpid=101466
> 
> syscall_enter_mym_scno=9  sys_name=mmap
> 
> mym_waitpid=101466
> 
> syscall_exit_mym_scno=9  sys_name=mmap
> 
> mym_waitpid=101466
> 
> syscall_enter_mym_scno=3  sys_name=close
> 
> mym_waitpid=101466
> 
> syscall_exit_mym_scno=3  sys_name=close
> 
> mym_waitpid=101466
> 
> syscall_enter_mym_scno=21  sys_name=access
> 
> mym_waitpid=101466
> 
> syscall_exit_mym_scno=21  sys_name=access
> 
> mym_waitpid=101466
> 
> syscall_enter_mym_scno=2  sys_name=open
> 
> mym_waitpid=101466
> 
> syscall_exit_mym_scno=2  sys_name=open
> 
> mym_waitpid=101466
> 
> syscall_enter_mym_scno=0  sys_name=read
> 
> mym_waitpid=101466
> 
> syscall_exit_mym_scno=0  sys_name=read
> 
> mym_waitpid=101466
> 
> syscall_enter_mym_scno=5  sys_name=fstat
> 
> mym_waitpid=101466
> 
> syscall_exit_mym_scno=5  sys_name=fstat
> 
> mym_waitpid=101466
> 
> syscall_enter_mym_scno=9  sys_name=mmap
> 
> mym_waitpid=101466
> 
> syscall_exit_mym_scno=9  sys_name=mmap
> 
> mym_waitpid=101466
> 
> syscall_enter_mym_scno=10  sys_name=mprotect
> 
> mym_waitpid=101466
> 
> syscall_exit_mym_scno=10  sys_name=mprotect
> 
> mym_waitpid=101466
> 
> syscall_enter_mym_scno=9  sys_name=mmap
> 
> mym_waitpid=101466
> 
> syscall_exit_mym_scno=9  sys_name=mmap
> 
> mym_waitpid=101466
> 
> syscall_enter_mym_scno=9  sys_name=mmap
> 
> mym_waitpid=101466
> 
> syscall_exit_mym_scno=9  sys_name=mmap
> 
> mym_waitpid=101466
> 
> syscall_enter_mym_scno=3  sys_name=close
> 
> mym_waitpid=101466
> 
> syscall_exit_mym_scno=3  sys_name=close
> 
> mym_waitpid=101466
> 
> syscall_enter_mym_scno=9  sys_name=mmap
> 
> mym_waitpid=101466
> 
> syscall_exit_mym_scno=9  sys_name=mmap
> 
> mym_waitpid=101466
> 
> syscall_enter_mym_scno=9  sys_name=mmap
> 
> mym_waitpid=101466
> 
> syscall_exit_mym_scno=9  sys_name=mmap
> 
> mym_waitpid=101466
> 
> syscall_enter_mym_scno=9  sys_name=mmap
> 
> mym_waitpid=101466
> 
> syscall_exit_mym_scno=9  sys_name=mmap
> 
> mym_waitpid=101466
> 
> syscall_enter_mym_scno=158  sys_name=arch_prctl
> 
> mym_waitpid=101466
> 
> syscall_exit_mym_scno=158  sys_name=arch_prctl
> 
> mym_waitpid=101466
> 
> syscall_enter_mym_scno=10  sys_name=mprotect
> 
> mym_waitpid=101466
> 
> syscall_exit_mym_scno=10  sys_name=mprotect
> 
> mym_waitpid=101466
> 
> syscall_enter_mym_scno=10  sys_name=mprotect
> 
> mym_waitpid=101466
> 
> syscall_exit_mym_scno=10  sys_name=mprotect
> 
> mym_waitpid=101466
> 
> syscall_enter_mym_scno=10  sys_name=mprotect
> 
> mym_waitpid=101466
> 
> syscall_exit_mym_scno=10  sys_name=mprotect
> 
> mym_waitpid=101466
> 
> syscall_enter_mym_scno=11  sys_name=munmap
> 
> mym_waitpid=101466
> 
> syscall_exit_mym_scno=11  sys_name=munmap
> 
> mym_waitpid=101466
> 
> syscall_enter_mym_scno=303  sys_name=name_to_handle_at
> name_to_handle_at(AT_FDCWD, ".", {handle_bytes=0
> mym_waitpid=101466
> 
> syscall_exit_mym_scno=303  sys_name=name_to_handle_at
> }, 0x7fff153fd834, AT_SYMLINK_FOLLOW|0x1
> mym_scall_rval=0xffffffffffffffff
> ) = -1 EINVAL (Invalid argument)
> 
> mym_waitpid=101466
> 
> syscall_enter_mym_scno=5  sys_name=fstat
> 
> mym_waitpid=101466
> 
> syscall_exit_mym_scno=5  sys_name=fstat
> 
> mym_waitpid=101466
> 
> syscall_enter_mym_scno=12  sys_name=brk
> 
> mym_waitpid=101466
> 
> syscall_exit_mym_scno=12  sys_name=brk
> 
> mym_waitpid=101466
> 
> syscall_enter_mym_scno=12  sys_name=brk
> 
> mym_waitpid=101466
> 
> syscall_exit_mym_scno=12  sys_name=brk
> 
> mym_waitpid=101466
> 
> syscall_enter_mym_scno=303  sys_name=name_to_handle_at
> name_to_handle_at(AT_FDCWD, ".", {handle_bytes=0
> mym_waitpid=101466
> 
> syscall_exit_mym_scno=303  sys_name=name_to_handle_at
>  => 8}, 0x7fff153fd834, AT_SYMLINK_FOLLOW
> mym_scall_rval=0xffffffffffffffff
> ) = -1 EOVERFLOW (Value too large for defined data type)
> 
> mym_waitpid=101466
> 
> syscall_enter_mym_scno=303  sys_name=name_to_handle_at
> name_to_handle_at(AT_FDCWD, ".", {handle_bytes=8
> mym_waitpid=101466
> 
> syscall_exit_mym_scno=303  sys_name=name_to_handle_at
> , handle_type=1, f_handle=0x700026008b393eab}, [25], AT_SYMLINK_FOLLOW
> mym_scall_rval=0
> ) = 0
> 
> mym_waitpid=101466
> 
> syscall_enter_mym_scno=304  sys_name=open_by_handle_at
> open_by_handle_at(-1, {handle_bytes=8, handle_type=1, f_handle=0x700026008b393eab}, O_RDONLY|O_DIRECTORY
> mym_waitpid=101466
> 
> syscall_exit_mym_scno=304  sys_name=open_by_handle_at
> 
> mym_scall_rval=0xffffffffffffffff
> ) = -1 EBADF (Bad file descriptor)
> 
> mym_waitpid=101466
> 
> syscall_enter_mym_scno=1  sys_name=write
> 
> mym_waitpid=101466
> 
> syscall_exit_mym_scno=1  sys_name=write
> 
> mym_waitpid=101466
> 
> syscall_enter_mym_scno=231  sys_name=exit_group
> 
> mym_waitpid=101466
6,9d297
< lo IP Address 127.0.0.1
< ens33 IP Address 192.168.159.137
< IP Address 127.0.0.1
< IP Address 192.168.159.137
file_handle.test: failed test: ../strace -ename_to_handle_at,open_by_handle_at ./file_handle output mismatch
