1,3c1,285
< getrandom("\x71\x43\x2b", 3, 0) = 3
< getrandom("\xd9\xa8\x66"..., 4, GRND_NONBLOCK) = 4
< getrandom(0x7ffe07f8d9d0, 4, GRND_NONBLOCK|GRND_RANDOM|0x3000) = -1 EINVAL (Invalid argument)
---
> 
> mym_waitpid=101892
> 
> mym_waitpid=101892
> 
> mym_waitpid=101892
> 
> syscall_enter_mym_scno=59  sys_name=execve
> 
> mym_waitpid=101892
> 
> mym_waitpid=101892
> 
> syscall_exit_mym_scno=59  sys_name=execve
> 
> mym_waitpid=101892
> 
> syscall_enter_mym_scno=12  sys_name=brk
> 
> mym_waitpid=101892
> 
> syscall_exit_mym_scno=12  sys_name=brk
> 
> mym_waitpid=101892
> 
> syscall_enter_mym_scno=21  sys_name=access
> 
> mym_waitpid=101892
> 
> syscall_exit_mym_scno=21  sys_name=access
> 
> mym_waitpid=101892
> 
> syscall_enter_mym_scno=9  sys_name=mmap
> 
> mym_waitpid=101892
> 
> syscall_exit_mym_scno=9  sys_name=mmap
> 
> mym_waitpid=101892
> 
> syscall_enter_mym_scno=21  sys_name=access
> 
> mym_waitpid=101892
> 
> syscall_exit_mym_scno=21  sys_name=access
> 
> mym_waitpid=101892
> 
> syscall_enter_mym_scno=2  sys_name=open
> 
> mym_waitpid=101892
> 
> syscall_exit_mym_scno=2  sys_name=open
> 
> mym_waitpid=101892
> 
> syscall_enter_mym_scno=5  sys_name=fstat
> 
> mym_waitpid=101892
> 
> syscall_exit_mym_scno=5  sys_name=fstat
> 
> mym_waitpid=101892
> 
> syscall_enter_mym_scno=9  sys_name=mmap
> 
> mym_waitpid=101892
> 
> syscall_exit_mym_scno=9  sys_name=mmap
> 
> mym_waitpid=101892
> 
> syscall_enter_mym_scno=3  sys_name=close
> 
> mym_waitpid=101892
> 
> syscall_exit_mym_scno=3  sys_name=close
> 
> mym_waitpid=101892
> 
> syscall_enter_mym_scno=21  sys_name=access
> 
> mym_waitpid=101892
> 
> syscall_exit_mym_scno=21  sys_name=access
> 
> mym_waitpid=101892
> 
> syscall_enter_mym_scno=2  sys_name=open
> 
> mym_waitpid=101892
> 
> syscall_exit_mym_scno=2  sys_name=open
> 
> mym_waitpid=101892
> 
> syscall_enter_mym_scno=0  sys_name=read
> 
> mym_waitpid=101892
> 
> syscall_exit_mym_scno=0  sys_name=read
> 
> mym_waitpid=101892
> 
> syscall_enter_mym_scno=5  sys_name=fstat
> 
> mym_waitpid=101892
> 
> syscall_exit_mym_scno=5  sys_name=fstat
> 
> mym_waitpid=101892
> 
> syscall_enter_mym_scno=9  sys_name=mmap
> 
> mym_waitpid=101892
> 
> syscall_exit_mym_scno=9  sys_name=mmap
> 
> mym_waitpid=101892
> 
> syscall_enter_mym_scno=10  sys_name=mprotect
> 
> mym_waitpid=101892
> 
> syscall_exit_mym_scno=10  sys_name=mprotect
> 
> mym_waitpid=101892
> 
> syscall_enter_mym_scno=9  sys_name=mmap
> 
> mym_waitpid=101892
> 
> syscall_exit_mym_scno=9  sys_name=mmap
> 
> mym_waitpid=101892
> 
> syscall_enter_mym_scno=9  sys_name=mmap
> 
> mym_waitpid=101892
> 
> syscall_exit_mym_scno=9  sys_name=mmap
> 
> mym_waitpid=101892
> 
> syscall_enter_mym_scno=3  sys_name=close
> 
> mym_waitpid=101892
> 
> syscall_exit_mym_scno=3  sys_name=close
> 
> mym_waitpid=101892
> 
> syscall_enter_mym_scno=9  sys_name=mmap
> 
> mym_waitpid=101892
> 
> syscall_exit_mym_scno=9  sys_name=mmap
> 
> mym_waitpid=101892
> 
> syscall_enter_mym_scno=9  sys_name=mmap
> 
> mym_waitpid=101892
> 
> syscall_exit_mym_scno=9  sys_name=mmap
> 
> mym_waitpid=101892
> 
> syscall_enter_mym_scno=9  sys_name=mmap
> 
> mym_waitpid=101892
> 
> syscall_exit_mym_scno=9  sys_name=mmap
> 
> mym_waitpid=101892
> 
> syscall_enter_mym_scno=158  sys_name=arch_prctl
> 
> mym_waitpid=101892
> 
> syscall_exit_mym_scno=158  sys_name=arch_prctl
> 
> mym_waitpid=101892
> 
> syscall_enter_mym_scno=10  sys_name=mprotect
> 
> mym_waitpid=101892
> 
> syscall_exit_mym_scno=10  sys_name=mprotect
> 
> mym_waitpid=101892
> 
> syscall_enter_mym_scno=10  sys_name=mprotect
> 
> mym_waitpid=101892
> 
> syscall_exit_mym_scno=10  sys_name=mprotect
> 
> mym_waitpid=101892
> 
> syscall_enter_mym_scno=10  sys_name=mprotect
> 
> mym_waitpid=101892
> 
> syscall_exit_mym_scno=10  sys_name=mprotect
> 
> mym_waitpid=101892
> 
> syscall_enter_mym_scno=11  sys_name=munmap
> 
> mym_waitpid=101892
> 
> syscall_exit_mym_scno=11  sys_name=munmap
> 
> mym_waitpid=101892
> 
> syscall_enter_mym_scno=318  sys_name=getrandom
> getrandom(
> mym_waitpid=101892
> 
> syscall_exit_mym_scno=318  sys_name=getrandom
> "\x71\x43\x2b", 3, 0
> mym_scall_rval=0x3
> ) = 3
> 
> mym_waitpid=101892
> 
> syscall_enter_mym_scno=5  sys_name=fstat
> 
> mym_waitpid=101892
> 
> syscall_exit_mym_scno=5  sys_name=fstat
> 
> mym_waitpid=101892
> 
> syscall_enter_mym_scno=12  sys_name=brk
> 
> mym_waitpid=101892
> 
> syscall_exit_mym_scno=12  sys_name=brk
> 
> mym_waitpid=101892
> 
> syscall_enter_mym_scno=12  sys_name=brk
> 
> mym_waitpid=101892
> 
> syscall_exit_mym_scno=12  sys_name=brk
> 
> mym_waitpid=101892
> 
> syscall_enter_mym_scno=318  sys_name=getrandom
> getrandom(
> mym_waitpid=101892
> 
> syscall_exit_mym_scno=318  sys_name=getrandom
> "\xd9\xa8\x66"..., 4, GRND_NONBLOCK
> mym_scall_rval=0x4
> ) = 4
> 
> mym_waitpid=101892
> 
> syscall_enter_mym_scno=318  sys_name=getrandom
> getrandom(
> mym_waitpid=101892
> 
> syscall_exit_mym_scno=318  sys_name=getrandom
> 0x7ffe07f8d9d0, 4, GRND_NONBLOCK|GRND_RANDOM|0x3000
> mym_scall_rval=0xffffffffffffffff
> ) = -1 EINVAL (Invalid argument)
> 
> mym_waitpid=101892
> 
> syscall_enter_mym_scno=1  sys_name=write
> 
> mym_waitpid=101892
> 
> syscall_exit_mym_scno=1  sys_name=write
> 
> mym_waitpid=101892
> 
> syscall_enter_mym_scno=231  sys_name=exit_group
> 
> mym_waitpid=101892
5,8d286
< lo IP Address 127.0.0.1
< ens33 IP Address 192.168.159.137
< IP Address 127.0.0.1
< IP Address 192.168.159.137
getrandom.test: failed test: ../strace -e getrandom -xx -s3 -a32 ./getrandom output mismatch
