lo IP Address 127.0.0.1
ens33 IP Address 192.168.159.137
IP Address 127.0.0.1
IP Address 192.168.159.137
1c1,281
< sendmmsg(1, {{{msg_name(0)=NULL, msg_iov(2)=[{"one", 3}, {"two", 3}], msg_controllen=0, msg_flags=0}, 6}, {{msg_name(0)=NULL, msg_iov(1)=[{"three", 5}], msg_controllen=0, msg_flags=0}, 5}}, 2, 0) = 2
---
> 
> mym_waitpid=102287
> 
> mym_waitpid=102287
> 
> mym_waitpid=102287
> 
> syscall_enter_mym_scno=59  sys_name=execve
> 
> mym_waitpid=102287
> 
> mym_waitpid=102287
> 
> syscall_exit_mym_scno=59  sys_name=execve
> 
> mym_waitpid=102287
> 
> syscall_enter_mym_scno=12  sys_name=brk
> 
> mym_waitpid=102287
> 
> syscall_exit_mym_scno=12  sys_name=brk
> 
> mym_waitpid=102287
> 
> syscall_enter_mym_scno=21  sys_name=access
> 
> mym_waitpid=102287
> 
> syscall_exit_mym_scno=21  sys_name=access
> 
> mym_waitpid=102287
> 
> syscall_enter_mym_scno=9  sys_name=mmap
> 
> mym_waitpid=102287
> 
> syscall_exit_mym_scno=9  sys_name=mmap
> 
> mym_waitpid=102287
> 
> syscall_enter_mym_scno=21  sys_name=access
> 
> mym_waitpid=102287
> 
> syscall_exit_mym_scno=21  sys_name=access
> 
> mym_waitpid=102287
> 
> syscall_enter_mym_scno=2  sys_name=open
> 
> mym_waitpid=102287
> 
> syscall_exit_mym_scno=2  sys_name=open
> 
> mym_waitpid=102287
> 
> syscall_enter_mym_scno=5  sys_name=fstat
> 
> mym_waitpid=102287
> 
> syscall_exit_mym_scno=5  sys_name=fstat
> 
> mym_waitpid=102287
> 
> syscall_enter_mym_scno=9  sys_name=mmap
> 
> mym_waitpid=102287
> 
> syscall_exit_mym_scno=9  sys_name=mmap
> 
> mym_waitpid=102287
> 
> syscall_enter_mym_scno=3  sys_name=close
> 
> mym_waitpid=102287
> 
> syscall_exit_mym_scno=3  sys_name=close
> 
> mym_waitpid=102287
> 
> syscall_enter_mym_scno=21  sys_name=access
> 
> mym_waitpid=102287
> 
> syscall_exit_mym_scno=21  sys_name=access
> 
> mym_waitpid=102287
> 
> syscall_enter_mym_scno=2  sys_name=open
> 
> mym_waitpid=102287
> 
> syscall_exit_mym_scno=2  sys_name=open
> 
> mym_waitpid=102287
> 
> syscall_enter_mym_scno=0  sys_name=read
> 
> mym_waitpid=102287
> 
> syscall_exit_mym_scno=0  sys_name=read
> 
> mym_waitpid=102287
> 
> syscall_enter_mym_scno=5  sys_name=fstat
> 
> mym_waitpid=102287
> 
> syscall_exit_mym_scno=5  sys_name=fstat
> 
> mym_waitpid=102287
> 
> syscall_enter_mym_scno=9  sys_name=mmap
> 
> mym_waitpid=102287
> 
> syscall_exit_mym_scno=9  sys_name=mmap
> 
> mym_waitpid=102287
> 
> syscall_enter_mym_scno=10  sys_name=mprotect
> 
> mym_waitpid=102287
> 
> syscall_exit_mym_scno=10  sys_name=mprotect
> 
> mym_waitpid=102287
> 
> syscall_enter_mym_scno=9  sys_name=mmap
> 
> mym_waitpid=102287
> 
> syscall_exit_mym_scno=9  sys_name=mmap
> 
> mym_waitpid=102287
> 
> syscall_enter_mym_scno=9  sys_name=mmap
> 
> mym_waitpid=102287
> 
> syscall_exit_mym_scno=9  sys_name=mmap
> 
> mym_waitpid=102287
> 
> syscall_enter_mym_scno=3  sys_name=close
> 
> mym_waitpid=102287
> 
> syscall_exit_mym_scno=3  sys_name=close
> 
> mym_waitpid=102287
> 
> syscall_enter_mym_scno=9  sys_name=mmap
> 
> mym_waitpid=102287
> 
> syscall_exit_mym_scno=9  sys_name=mmap
> 
> mym_waitpid=102287
> 
> syscall_enter_mym_scno=9  sys_name=mmap
> 
> mym_waitpid=102287
> 
> syscall_exit_mym_scno=9  sys_name=mmap
> 
> mym_waitpid=102287
> 
> syscall_enter_mym_scno=9  sys_name=mmap
> 
> mym_waitpid=102287
> 
> syscall_exit_mym_scno=9  sys_name=mmap
> 
> mym_waitpid=102287
> 
> syscall_enter_mym_scno=158  sys_name=arch_prctl
> 
> mym_waitpid=102287
> 
> syscall_exit_mym_scno=158  sys_name=arch_prctl
> 
> mym_waitpid=102287
> 
> syscall_enter_mym_scno=10  sys_name=mprotect
> 
> mym_waitpid=102287
> 
> syscall_exit_mym_scno=10  sys_name=mprotect
> 
> mym_waitpid=102287
> 
> syscall_enter_mym_scno=10  sys_name=mprotect
> 
> mym_waitpid=102287
> 
> syscall_exit_mym_scno=10  sys_name=mprotect
> 
> mym_waitpid=102287
> 
> syscall_enter_mym_scno=10  sys_name=mprotect
> 
> mym_waitpid=102287
> 
> syscall_exit_mym_scno=10  sys_name=mprotect
> 
> mym_waitpid=102287
> 
> syscall_enter_mym_scno=11  sys_name=munmap
> 
> mym_waitpid=102287
> 
> syscall_exit_mym_scno=11  sys_name=munmap
> 
> mym_waitpid=102287
> 
> syscall_enter_mym_scno=2  sys_name=open
> 
> mym_waitpid=102287
> 
> syscall_exit_mym_scno=2  sys_name=open
> 
> mym_waitpid=102287
> 
> syscall_enter_mym_scno=3  sys_name=close
> 
> mym_waitpid=102287
> 
> syscall_exit_mym_scno=3  sys_name=close
> 
> mym_waitpid=102287
> 
> syscall_enter_mym_scno=53  sys_name=socketpair
> 
> mym_waitpid=102287
> 
> syscall_exit_mym_scno=53  sys_name=socketpair
> 
> mym_waitpid=102287
> 
> syscall_enter_mym_scno=33  sys_name=dup2
> 
> mym_waitpid=102287
> 
> syscall_exit_mym_scno=33  sys_name=dup2
> 
> mym_waitpid=102287
> 
> syscall_enter_mym_scno=3  sys_name=close
> 
> mym_waitpid=102287
> 
> syscall_exit_mym_scno=3  sys_name=close
> 
> mym_waitpid=102287
> 
> syscall_enter_mym_scno=33  sys_name=dup2
> 
> mym_waitpid=102287
> 
> syscall_exit_mym_scno=33  sys_name=dup2
> 
> mym_waitpid=102287
> 
> syscall_enter_mym_scno=3  sys_name=close
> 
> mym_waitpid=102287
> 
> syscall_exit_mym_scno=3  sys_name=close
> 
> mym_waitpid=102287
> 
> syscall_enter_mym_scno=307  sys_name=sendmmsg
> sendmmsg(1, 
> mym_waitpid=102287
> 
> syscall_exit_mym_scno=307  sys_name=sendmmsg
> {{{msg_name(0)=NULL, msg_iov(2)=[{"one", 3}, {"two", 3}], msg_controllen=0, msg_flags=0}, 6}, {{msg_name(0)=NULL, msg_iov(1)=[{"three", 5}], msg_controllen=0, msg_flags=0}, 5}}, 2, 0
> mym_scall_rval=0x2
> ) = 2
10c290,308
< recvmmsg(0, {{{msg_name(0)=NULL, msg_iov(2)=[{"one", 3}, {"two", 3}], msg_controllen=0, msg_flags=0}, 6}, {{msg_name(0)=NULL, msg_iov(1)=[{"three", 5}], msg_controllen=0, msg_flags=0}, 5}}, 2, 0, NULL) = 2 (left NULL)
---
> 
> mym_waitpid=102287
> 
> syscall_enter_mym_scno=3  sys_name=close
> 
> mym_waitpid=102287
> 
> syscall_exit_mym_scno=3  sys_name=close
> 
> mym_waitpid=102287
> 
> syscall_enter_mym_scno=299  sys_name=recvmmsg
> recvmmsg(0, 
> mym_waitpid=102287
> 
> syscall_exit_mym_scno=299  sys_name=recvmmsg
> {{{msg_name(0)=NULL, msg_iov(2)=[{"one", 3}, {"two", 3}], msg_controllen=0, msg_flags=0}, 6}, {{msg_name(0)=NULL, msg_iov(1)=[{"three", 5}], msg_controllen=0, msg_flags=0}, 5}}, 2, 0, NULL
> mym_scall_rval=0x2
> ) = 2 (left NULL)
18a317,330
> 
> mym_waitpid=102287
> 
> syscall_enter_mym_scno=3  sys_name=close
> 
> mym_waitpid=102287
> 
> syscall_exit_mym_scno=3  sys_name=close
> 
> mym_waitpid=102287
> 
> syscall_enter_mym_scno=231  sys_name=exit_group
> 
> mym_waitpid=102287
mmsg.test: failed test: ../strace -e trace=recvmmsg,sendmmsg -e read=0 -e write=1 ./mmsg output mismatch
