1,6c1,322
< nanosleep({0, 789985}, NULL) = 0
< nanosleep(NULL, 0x7ffc4aa1c7f0) = -1 EFAULT (Bad address)
< nanosleep({0, 789985}, 0x7ffc4aa1c7f0) = 0
< nanosleep({0, 1000000000}, 0x7ffc4aa1c7f0) = -1 EINVAL (Invalid argument)
< setitimer(ITIMER_REAL, {it_interval={0, 0}, it_value={0, 111111}}, NULL) = 0
< nanosleep({0, 999999999}, {0, 888752355}) = ? ERESTART_RESTARTBLOCK (Interrupted by signal)
---
> 
> mym_waitpid=102331
> 
> mym_waitpid=102331
> 
> mym_waitpid=102331
> 
> syscall_enter_mym_scno=59  sys_name=execve
> 
> mym_waitpid=102331
> 
> mym_waitpid=102331
> 
> syscall_exit_mym_scno=59  sys_name=execve
> 
> mym_waitpid=102331
> 
> syscall_enter_mym_scno=12  sys_name=brk
> 
> mym_waitpid=102331
> 
> syscall_exit_mym_scno=12  sys_name=brk
> 
> mym_waitpid=102331
> 
> syscall_enter_mym_scno=21  sys_name=access
> 
> mym_waitpid=102331
> 
> syscall_exit_mym_scno=21  sys_name=access
> 
> mym_waitpid=102331
> 
> syscall_enter_mym_scno=9  sys_name=mmap
> 
> mym_waitpid=102331
> 
> syscall_exit_mym_scno=9  sys_name=mmap
> 
> mym_waitpid=102331
> 
> syscall_enter_mym_scno=21  sys_name=access
> 
> mym_waitpid=102331
> 
> syscall_exit_mym_scno=21  sys_name=access
> 
> mym_waitpid=102331
> 
> syscall_enter_mym_scno=2  sys_name=open
> 
> mym_waitpid=102331
> 
> syscall_exit_mym_scno=2  sys_name=open
> 
> mym_waitpid=102331
> 
> syscall_enter_mym_scno=5  sys_name=fstat
> 
> mym_waitpid=102331
> 
> syscall_exit_mym_scno=5  sys_name=fstat
> 
> mym_waitpid=102331
> 
> syscall_enter_mym_scno=9  sys_name=mmap
> 
> mym_waitpid=102331
> 
> syscall_exit_mym_scno=9  sys_name=mmap
> 
> mym_waitpid=102331
> 
> syscall_enter_mym_scno=3  sys_name=close
> 
> mym_waitpid=102331
> 
> syscall_exit_mym_scno=3  sys_name=close
> 
> mym_waitpid=102331
> 
> syscall_enter_mym_scno=21  sys_name=access
> 
> mym_waitpid=102331
> 
> syscall_exit_mym_scno=21  sys_name=access
> 
> mym_waitpid=102331
> 
> syscall_enter_mym_scno=2  sys_name=open
> 
> mym_waitpid=102331
> 
> syscall_exit_mym_scno=2  sys_name=open
> 
> mym_waitpid=102331
> 
> syscall_enter_mym_scno=0  sys_name=read
> 
> mym_waitpid=102331
> 
> syscall_exit_mym_scno=0  sys_name=read
> 
> mym_waitpid=102331
> 
> syscall_enter_mym_scno=5  sys_name=fstat
> 
> mym_waitpid=102331
> 
> syscall_exit_mym_scno=5  sys_name=fstat
> 
> mym_waitpid=102331
> 
> syscall_enter_mym_scno=9  sys_name=mmap
> 
> mym_waitpid=102331
> 
> syscall_exit_mym_scno=9  sys_name=mmap
> 
> mym_waitpid=102331
> 
> syscall_enter_mym_scno=10  sys_name=mprotect
> 
> mym_waitpid=102331
> 
> syscall_exit_mym_scno=10  sys_name=mprotect
> 
> mym_waitpid=102331
> 
> syscall_enter_mym_scno=9  sys_name=mmap
> 
> mym_waitpid=102331
> 
> syscall_exit_mym_scno=9  sys_name=mmap
> 
> mym_waitpid=102331
> 
> syscall_enter_mym_scno=9  sys_name=mmap
> 
> mym_waitpid=102331
> 
> syscall_exit_mym_scno=9  sys_name=mmap
> 
> mym_waitpid=102331
> 
> syscall_enter_mym_scno=3  sys_name=close
> 
> mym_waitpid=102331
> 
> syscall_exit_mym_scno=3  sys_name=close
> 
> mym_waitpid=102331
> 
> syscall_enter_mym_scno=9  sys_name=mmap
> 
> mym_waitpid=102331
> 
> syscall_exit_mym_scno=9  sys_name=mmap
> 
> mym_waitpid=102331
> 
> syscall_enter_mym_scno=9  sys_name=mmap
> 
> mym_waitpid=102331
> 
> syscall_exit_mym_scno=9  sys_name=mmap
> 
> mym_waitpid=102331
> 
> syscall_enter_mym_scno=9  sys_name=mmap
> 
> mym_waitpid=102331
> 
> syscall_exit_mym_scno=9  sys_name=mmap
> 
> mym_waitpid=102331
> 
> syscall_enter_mym_scno=158  sys_name=arch_prctl
> 
> mym_waitpid=102331
> 
> syscall_exit_mym_scno=158  sys_name=arch_prctl
> 
> mym_waitpid=102331
> 
> syscall_enter_mym_scno=10  sys_name=mprotect
> 
> mym_waitpid=102331
> 
> syscall_exit_mym_scno=10  sys_name=mprotect
> 
> mym_waitpid=102331
> 
> syscall_enter_mym_scno=10  sys_name=mprotect
> 
> mym_waitpid=102331
> 
> syscall_exit_mym_scno=10  sys_name=mprotect
> 
> mym_waitpid=102331
> 
> syscall_enter_mym_scno=10  sys_name=mprotect
> 
> mym_waitpid=102331
> 
> syscall_exit_mym_scno=10  sys_name=mprotect
> 
> mym_waitpid=102331
> 
> syscall_enter_mym_scno=11  sys_name=munmap
> 
> mym_waitpid=102331
> 
> syscall_exit_mym_scno=11  sys_name=munmap
> 
> mym_waitpid=102331
> 
> syscall_enter_mym_scno=35  sys_name=nanosleep
> nanosleep({0, 789985}, 
> mym_waitpid=102331
> 
> syscall_exit_mym_scno=35  sys_name=nanosleep
> NULL
> mym_scall_rval=0
> ) = 0
> 
> mym_waitpid=102331
> 
> syscall_enter_mym_scno=5  sys_name=fstat
> 
> mym_waitpid=102331
> 
> syscall_exit_mym_scno=5  sys_name=fstat
> 
> mym_waitpid=102331
> 
> syscall_enter_mym_scno=12  sys_name=brk
> 
> mym_waitpid=102331
> 
> syscall_exit_mym_scno=12  sys_name=brk
> 
> mym_waitpid=102331
> 
> syscall_enter_mym_scno=12  sys_name=brk
> 
> mym_waitpid=102331
> 
> syscall_exit_mym_scno=12  sys_name=brk
> 
> mym_waitpid=102331
> 
> syscall_enter_mym_scno=35  sys_name=nanosleep
> nanosleep(NULL, 
> mym_waitpid=102331
> 
> syscall_exit_mym_scno=35  sys_name=nanosleep
> 0x7ffc4aa1c7f0
> mym_scall_rval=0xffffffffffffffff
> ) = -1 EFAULT (Bad address)
> 
> mym_waitpid=102331
> 
> syscall_enter_mym_scno=35  sys_name=nanosleep
> nanosleep({0, 789985}, 
> mym_waitpid=102331
> 
> syscall_exit_mym_scno=35  sys_name=nanosleep
> 0x7ffc4aa1c7f0
> mym_scall_rval=0
> ) = 0
> 
> mym_waitpid=102331
> 
> syscall_enter_mym_scno=35  sys_name=nanosleep
> nanosleep({0, 1000000000}, 
> mym_waitpid=102331
> 
> syscall_exit_mym_scno=35  sys_name=nanosleep
> 0x7ffc4aa1c7f0
> mym_scall_rval=0xffffffffffffffff
> ) = -1 EINVAL (Invalid argument)
> 
> mym_waitpid=102331
> 
> syscall_enter_mym_scno=13  sys_name=rt_sigaction
> 
> mym_waitpid=102331
> 
> syscall_exit_mym_scno=13  sys_name=rt_sigaction
> 
> mym_waitpid=102331
> 
> syscall_enter_mym_scno=14  sys_name=rt_sigprocmask
> 
> mym_waitpid=102331
> 
> syscall_exit_mym_scno=14  sys_name=rt_sigprocmask
> 
> mym_waitpid=102331
> 
> syscall_enter_mym_scno=38  sys_name=setitimer
> setitimer(ITIMER_REAL, {it_interval={0, 0}, it_value={0, 111111}}, 
> mym_waitpid=102331
> 
> syscall_exit_mym_scno=38  sys_name=setitimer
> NULL
> mym_scall_rval=0
> ) = 0
> 
> mym_waitpid=102331
> 
> syscall_enter_mym_scno=35  sys_name=nanosleep
> nanosleep({0, 999999999}, 
> mym_waitpid=102331
> 
> syscall_exit_mym_scno=35  sys_name=nanosleep
> {0, 888752355}
> mym_scall_rval=0xffffffffffffffff
> ) = ? ERESTART_RESTARTBLOCK (Interrupted by signal)
> 
> mym_waitpid=102331
7a324,345
> 
> mym_waitpid=102331
> 
> syscall_enter_mym_scno=15  sys_name=rt_sigreturn
> 
> mym_waitpid=102331
> 
> syscall_exit_mym_scno=15  sys_name=rt_sigreturn
> 
> mym_waitpid=102331
> 
> syscall_enter_mym_scno=1  sys_name=write
> 
> mym_waitpid=102331
> 
> syscall_exit_mym_scno=1  sys_name=write
> 
> mym_waitpid=102331
> 
> syscall_enter_mym_scno=231  sys_name=exit_group
> 
> mym_waitpid=102331
9,12d346
< lo IP Address 127.0.0.1
< ens33 IP Address 192.168.159.137
< IP Address 127.0.0.1
< IP Address 192.168.159.137
nanosleep.test: failed test: ../strace -a20 -e trace=nanosleep,setitimer ./nanosleep output mismatch
