1,5c1,311
< pselect6(5, [3 4], [3 4], [1 2], NULL, {NULL, 8}) = 1 (out [4])
< pselect6(5, NULL, [1 2 3 4], NULL, {789985, 789986}, NULL) = 3 (out [1 2 4], left {789985, 786073})
< pselect6(-1, NULL, 0x564a0ec56040, NULL, NULL, {[HUP CHLD], 8}) = -1 EINVAL (Invalid argument)
< pselect6(1025, [3], [], NULL, {0, 123}, {[HUP CHLD], 8}) = 0 (Timeout)
< pselect6(0, NULL, NULL, NULL, {0, 222222222}, {[HUP CHLD], 8}) = ? ERESTARTNOHAND (To be restarted if no handler)
---
> 
> mym_waitpid=102577
> 
> mym_waitpid=102577
> 
> mym_waitpid=102577
> 
> syscall_enter_mym_scno=59  sys_name=execve
> 
> mym_waitpid=102577
> 
> mym_waitpid=102577
> 
> syscall_exit_mym_scno=59  sys_name=execve
> 
> mym_waitpid=102577
> 
> syscall_enter_mym_scno=12  sys_name=brk
> 
> mym_waitpid=102577
> 
> syscall_exit_mym_scno=12  sys_name=brk
> 
> mym_waitpid=102577
> 
> syscall_enter_mym_scno=21  sys_name=access
> 
> mym_waitpid=102577
> 
> syscall_exit_mym_scno=21  sys_name=access
> 
> mym_waitpid=102577
> 
> syscall_enter_mym_scno=9  sys_name=mmap
> 
> mym_waitpid=102577
> 
> syscall_exit_mym_scno=9  sys_name=mmap
> 
> mym_waitpid=102577
> 
> syscall_enter_mym_scno=21  sys_name=access
> 
> mym_waitpid=102577
> 
> syscall_exit_mym_scno=21  sys_name=access
> 
> mym_waitpid=102577
> 
> syscall_enter_mym_scno=2  sys_name=open
> 
> mym_waitpid=102577
> 
> syscall_exit_mym_scno=2  sys_name=open
> 
> mym_waitpid=102577
> 
> syscall_enter_mym_scno=5  sys_name=fstat
> 
> mym_waitpid=102577
> 
> syscall_exit_mym_scno=5  sys_name=fstat
> 
> mym_waitpid=102577
> 
> syscall_enter_mym_scno=9  sys_name=mmap
> 
> mym_waitpid=102577
> 
> syscall_exit_mym_scno=9  sys_name=mmap
> 
> mym_waitpid=102577
> 
> syscall_enter_mym_scno=3  sys_name=close
> 
> mym_waitpid=102577
> 
> syscall_exit_mym_scno=3  sys_name=close
> 
> mym_waitpid=102577
> 
> syscall_enter_mym_scno=21  sys_name=access
> 
> mym_waitpid=102577
> 
> syscall_exit_mym_scno=21  sys_name=access
> 
> mym_waitpid=102577
> 
> syscall_enter_mym_scno=2  sys_name=open
> 
> mym_waitpid=102577
> 
> syscall_exit_mym_scno=2  sys_name=open
> 
> mym_waitpid=102577
> 
> syscall_enter_mym_scno=0  sys_name=read
> 
> mym_waitpid=102577
> 
> syscall_exit_mym_scno=0  sys_name=read
> 
> mym_waitpid=102577
> 
> syscall_enter_mym_scno=5  sys_name=fstat
> 
> mym_waitpid=102577
> 
> syscall_exit_mym_scno=5  sys_name=fstat
> 
> mym_waitpid=102577
> 
> syscall_enter_mym_scno=9  sys_name=mmap
> 
> mym_waitpid=102577
> 
> syscall_exit_mym_scno=9  sys_name=mmap
> 
> mym_waitpid=102577
> 
> syscall_enter_mym_scno=10  sys_name=mprotect
> 
> mym_waitpid=102577
> 
> syscall_exit_mym_scno=10  sys_name=mprotect
> 
> mym_waitpid=102577
> 
> syscall_enter_mym_scno=9  sys_name=mmap
> 
> mym_waitpid=102577
> 
> syscall_exit_mym_scno=9  sys_name=mmap
> 
> mym_waitpid=102577
> 
> syscall_enter_mym_scno=9  sys_name=mmap
> 
> mym_waitpid=102577
> 
> syscall_exit_mym_scno=9  sys_name=mmap
> 
> mym_waitpid=102577
> 
> syscall_enter_mym_scno=3  sys_name=close
> 
> mym_waitpid=102577
> 
> syscall_exit_mym_scno=3  sys_name=close
> 
> mym_waitpid=102577
> 
> syscall_enter_mym_scno=9  sys_name=mmap
> 
> mym_waitpid=102577
> 
> syscall_exit_mym_scno=9  sys_name=mmap
> 
> mym_waitpid=102577
> 
> syscall_enter_mym_scno=9  sys_name=mmap
> 
> mym_waitpid=102577
> 
> syscall_exit_mym_scno=9  sys_name=mmap
> 
> mym_waitpid=102577
> 
> syscall_enter_mym_scno=158  sys_name=arch_prctl
> 
> mym_waitpid=102577
> 
> syscall_exit_mym_scno=158  sys_name=arch_prctl
> 
> mym_waitpid=102577
> 
> syscall_enter_mym_scno=10  sys_name=mprotect
> 
> mym_waitpid=102577
> 
> syscall_exit_mym_scno=10  sys_name=mprotect
> 
> mym_waitpid=102577
> 
> syscall_enter_mym_scno=10  sys_name=mprotect
> 
> mym_waitpid=102577
> 
> syscall_exit_mym_scno=10  sys_name=mprotect
> 
> mym_waitpid=102577
> 
> syscall_enter_mym_scno=10  sys_name=mprotect
> 
> mym_waitpid=102577
> 
> syscall_exit_mym_scno=10  sys_name=mprotect
> 
> mym_waitpid=102577
> 
> syscall_enter_mym_scno=11  sys_name=munmap
> 
> mym_waitpid=102577
> 
> syscall_exit_mym_scno=11  sys_name=munmap
> 
> mym_waitpid=102577
> 
> syscall_enter_mym_scno=22  sys_name=pipe
> 
> mym_waitpid=102577
> 
> syscall_exit_mym_scno=22  sys_name=pipe
> 
> mym_waitpid=102577
> 
> syscall_enter_mym_scno=270  sys_name=pselect6
> pselect6(5, [3 4], [3 4], [1 2], NULL, {NULL, 8}
> mym_waitpid=102577
> 
> syscall_exit_mym_scno=270  sys_name=pselect6
> 
> mym_scall_rval=0x1
> ) = 1 (out [4])
> 
> mym_waitpid=102577
> 
> syscall_enter_mym_scno=5  sys_name=fstat
> 
> mym_waitpid=102577
> 
> syscall_exit_mym_scno=5  sys_name=fstat
> 
> mym_waitpid=102577
> 
> syscall_enter_mym_scno=12  sys_name=brk
> 
> mym_waitpid=102577
> 
> syscall_exit_mym_scno=12  sys_name=brk
> 
> mym_waitpid=102577
> 
> syscall_enter_mym_scno=12  sys_name=brk
> 
> mym_waitpid=102577
> 
> syscall_exit_mym_scno=12  sys_name=brk
> 
> mym_waitpid=102577
> 
> syscall_enter_mym_scno=270  sys_name=pselect6
> pselect6(5, NULL, [1 2 3 4], NULL, {789985, 789986}, NULL
> mym_waitpid=102577
> 
> syscall_exit_mym_scno=270  sys_name=pselect6
> 
> mym_scall_rval=0x3
> ) = 3 (out [1 2 4], left {789985, 786073})
> 
> mym_waitpid=102577
> 
> syscall_enter_mym_scno=270  sys_name=pselect6
> pselect6(-1, NULL, 0x564a0ec56040, NULL, NULL, {[HUP CHLD], 8}
> mym_waitpid=102577
> 
> syscall_exit_mym_scno=270  sys_name=pselect6
> 
> mym_scall_rval=0xffffffffffffffff
> ) = -1 EINVAL (Invalid argument)
> 
> mym_waitpid=102577
> 
> syscall_enter_mym_scno=270  sys_name=pselect6
> pselect6(1025, [3], [], NULL, {0, 123}, {[HUP CHLD], 8}
> mym_waitpid=102577
> 
> syscall_exit_mym_scno=270  sys_name=pselect6
> 
> mym_scall_rval=0
> ) = 0 (Timeout)
> 
> mym_waitpid=102577
> 
> syscall_enter_mym_scno=13  sys_name=rt_sigaction
> 
> mym_waitpid=102577
> 
> syscall_exit_mym_scno=13  sys_name=rt_sigaction
> 
> mym_waitpid=102577
> 
> syscall_enter_mym_scno=38  sys_name=setitimer
> 
> mym_waitpid=102577
> 
> syscall_exit_mym_scno=38  sys_name=setitimer
> 
> mym_waitpid=102577
> 
> syscall_enter_mym_scno=270  sys_name=pselect6
> pselect6(0, NULL, NULL, NULL, {0, 222222222}, {[HUP CHLD], 8}
> mym_waitpid=102577
> 
> syscall_exit_mym_scno=270  sys_name=pselect6
> 
> mym_scall_rval=0xffffffffffffffff
> ) = ? ERESTARTNOHAND (To be restarted if no handler)
> 
> mym_waitpid=102577
6a313,334
> 
> mym_waitpid=102577
> 
> syscall_enter_mym_scno=15  sys_name=rt_sigreturn
> 
> mym_waitpid=102577
> 
> syscall_exit_mym_scno=15  sys_name=rt_sigreturn
> 
> mym_waitpid=102577
> 
> syscall_enter_mym_scno=1  sys_name=write
> 
> mym_waitpid=102577
> 
> syscall_exit_mym_scno=1  sys_name=write
> 
> mym_waitpid=102577
> 
> syscall_enter_mym_scno=231  sys_name=exit_group
> 
> mym_waitpid=102577
8,11d335
< lo IP Address 127.0.0.1
< ens33 IP Address 192.168.159.137
< IP Address 127.0.0.1
< IP Address 192.168.159.137
pselect6.test: failed test: ../strace -e pselect6 ./pselect6 output mismatch
