1c1,263
< readlinkat(AT_FDCWD, "\x72\x65\x61\x64\x6c\x69\x6e\x6b\x61\x74\x2e\x6c\x69\x6e\x6b", "\x72\x65\x61"..., 31) = 12
---
> 
> mym_waitpid=102636
> 
> mym_waitpid=102636
> 
> mym_waitpid=102636
> 
> syscall_enter_mym_scno=59  sys_name=execve
> 
> mym_waitpid=102636
> 
> mym_waitpid=102636
> 
> syscall_exit_mym_scno=59  sys_name=execve
> 
> mym_waitpid=102636
> 
> syscall_enter_mym_scno=12  sys_name=brk
> 
> mym_waitpid=102636
> 
> syscall_exit_mym_scno=12  sys_name=brk
> 
> mym_waitpid=102636
> 
> syscall_enter_mym_scno=21  sys_name=access
> 
> mym_waitpid=102636
> 
> syscall_exit_mym_scno=21  sys_name=access
> 
> mym_waitpid=102636
> 
> syscall_enter_mym_scno=9  sys_name=mmap
> 
> mym_waitpid=102636
> 
> syscall_exit_mym_scno=9  sys_name=mmap
> 
> mym_waitpid=102636
> 
> syscall_enter_mym_scno=21  sys_name=access
> 
> mym_waitpid=102636
> 
> syscall_exit_mym_scno=21  sys_name=access
> 
> mym_waitpid=102636
> 
> syscall_enter_mym_scno=2  sys_name=open
> 
> mym_waitpid=102636
> 
> syscall_exit_mym_scno=2  sys_name=open
> 
> mym_waitpid=102636
> 
> syscall_enter_mym_scno=5  sys_name=fstat
> 
> mym_waitpid=102636
> 
> syscall_exit_mym_scno=5  sys_name=fstat
> 
> mym_waitpid=102636
> 
> syscall_enter_mym_scno=9  sys_name=mmap
> 
> mym_waitpid=102636
> 
> syscall_exit_mym_scno=9  sys_name=mmap
> 
> mym_waitpid=102636
> 
> syscall_enter_mym_scno=3  sys_name=close
> 
> mym_waitpid=102636
> 
> syscall_exit_mym_scno=3  sys_name=close
> 
> mym_waitpid=102636
> 
> syscall_enter_mym_scno=21  sys_name=access
> 
> mym_waitpid=102636
> 
> syscall_exit_mym_scno=21  sys_name=access
> 
> mym_waitpid=102636
> 
> syscall_enter_mym_scno=2  sys_name=open
> 
> mym_waitpid=102636
> 
> syscall_exit_mym_scno=2  sys_name=open
> 
> mym_waitpid=102636
> 
> syscall_enter_mym_scno=0  sys_name=read
> 
> mym_waitpid=102636
> 
> syscall_exit_mym_scno=0  sys_name=read
> 
> mym_waitpid=102636
> 
> syscall_enter_mym_scno=5  sys_name=fstat
> 
> mym_waitpid=102636
> 
> syscall_exit_mym_scno=5  sys_name=fstat
> 
> mym_waitpid=102636
> 
> syscall_enter_mym_scno=9  sys_name=mmap
> 
> mym_waitpid=102636
> 
> syscall_exit_mym_scno=9  sys_name=mmap
> 
> mym_waitpid=102636
> 
> syscall_enter_mym_scno=10  sys_name=mprotect
> 
> mym_waitpid=102636
> 
> syscall_exit_mym_scno=10  sys_name=mprotect
> 
> mym_waitpid=102636
> 
> syscall_enter_mym_scno=9  sys_name=mmap
> 
> mym_waitpid=102636
> 
> syscall_exit_mym_scno=9  sys_name=mmap
> 
> mym_waitpid=102636
> 
> syscall_enter_mym_scno=9  sys_name=mmap
> 
> mym_waitpid=102636
> 
> syscall_exit_mym_scno=9  sys_name=mmap
> 
> mym_waitpid=102636
> 
> syscall_enter_mym_scno=3  sys_name=close
> 
> mym_waitpid=102636
> 
> syscall_exit_mym_scno=3  sys_name=close
> 
> mym_waitpid=102636
> 
> syscall_enter_mym_scno=9  sys_name=mmap
> 
> mym_waitpid=102636
> 
> syscall_exit_mym_scno=9  sys_name=mmap
> 
> mym_waitpid=102636
> 
> syscall_enter_mym_scno=9  sys_name=mmap
> 
> mym_waitpid=102636
> 
> syscall_exit_mym_scno=9  sys_name=mmap
> 
> mym_waitpid=102636
> 
> syscall_enter_mym_scno=9  sys_name=mmap
> 
> mym_waitpid=102636
> 
> syscall_exit_mym_scno=9  sys_name=mmap
> 
> mym_waitpid=102636
> 
> syscall_enter_mym_scno=158  sys_name=arch_prctl
> 
> mym_waitpid=102636
> 
> syscall_exit_mym_scno=158  sys_name=arch_prctl
> 
> mym_waitpid=102636
> 
> syscall_enter_mym_scno=10  sys_name=mprotect
> 
> mym_waitpid=102636
> 
> syscall_exit_mym_scno=10  sys_name=mprotect
> 
> mym_waitpid=102636
> 
> syscall_enter_mym_scno=10  sys_name=mprotect
> 
> mym_waitpid=102636
> 
> syscall_exit_mym_scno=10  sys_name=mprotect
> 
> mym_waitpid=102636
> 
> syscall_enter_mym_scno=10  sys_name=mprotect
> 
> mym_waitpid=102636
> 
> syscall_exit_mym_scno=10  sys_name=mprotect
> 
> mym_waitpid=102636
> 
> syscall_enter_mym_scno=11  sys_name=munmap
> 
> mym_waitpid=102636
> 
> syscall_exit_mym_scno=11  sys_name=munmap
> 
> mym_waitpid=102636
> 
> syscall_enter_mym_scno=267  sys_name=readlinkat
> readlinkat(AT_FDCWD, "\x72\x65\x61\x64\x6c\x69\x6e\x6b\x61\x74\x2e\x6c\x69\x6e\x6b", 
> mym_waitpid=102636
> 
> syscall_exit_mym_scno=267  sys_name=readlinkat
> "\x72\x65\x61"..., 31
> mym_scall_rval=0xc
> ) = 12
> 
> mym_waitpid=102636
> 
> syscall_enter_mym_scno=5  sys_name=fstat
> 
> mym_waitpid=102636
> 
> syscall_exit_mym_scno=5  sys_name=fstat
> 
> mym_waitpid=102636
> 
> syscall_enter_mym_scno=12  sys_name=brk
> 
> mym_waitpid=102636
> 
> syscall_exit_mym_scno=12  sys_name=brk
> 
> mym_waitpid=102636
> 
> syscall_enter_mym_scno=12  sys_name=brk
> 
> mym_waitpid=102636
> 
> syscall_exit_mym_scno=12  sys_name=brk
> 
> mym_waitpid=102636
> 
> syscall_enter_mym_scno=1  sys_name=write
> 
> mym_waitpid=102636
> 
> syscall_exit_mym_scno=1  sys_name=write
> 
> mym_waitpid=102636
> 
> syscall_enter_mym_scno=231  sys_name=exit_group
> 
> mym_waitpid=102636
3,6d264
< lo IP Address 127.0.0.1
< ens33 IP Address 192.168.159.137
< IP Address 127.0.0.1
< IP Address 192.168.159.137
readlinkat.test: failed test: ../strace -e readlinkat -xx -s3 ./readlinkat output mismatch
