1,2c1,314
< prctl(PR_SET_NO_NEW_PRIVS, 1, 0, 0, 0)  = 0
< prctl(PR_SET_SECCOMP, SECCOMP_MODE_FILTER, [BPF_STMT(BPF_LD | BPF_W | BPF_ABS, 0), BPF_JUMP(BPF_JMP | BPF_K | BPF_JEQ, 0x3, 0, 0x1), BPF_STMT(BPF_RET | BPF_K, SECCOMP_RET_ALLOW), BPF_JUMP(BPF_JMP | BPF_K | BPF_JEQ, 0x3c, 0, 0x1), BPF_STMT(BPF_RET | BPF_K, SECCOMP_RET_ALLOW), BPF_JUMP(BPF_JMP | BPF_K | BPF_JEQ, 0xe7, 0, 0x1), BPF_STMT(BPF_RET | BPF_K, SECCOMP_RET_ALLOW), BPF_JUMP(BPF_JMP | BPF_K | BPF_JEQ, 0xa2, 0, 0x1), BPF_STMT(BPF_RET | BPF_K, SECCOMP_RET_ERRNO | 0x10), BPF_JUMP(BPF_JMP | BPF_K | BPF_JEQ, 0x70, 0, 0x1), BPF_STMT(BPF_RET | BPF_K, SECCOMP_RET_ERRNO | 0x1), BPF_STMT(BPF_RET | BPF_K, SECCOMP_RET_KILL)]) = 0
---
> 
> mym_waitpid=102742
> 
> mym_waitpid=102742
> 
> mym_waitpid=102742
> 
> syscall_enter_mym_scno=59  sys_name=execve
> 
> mym_waitpid=102742
> 
> mym_waitpid=102742
> 
> syscall_exit_mym_scno=59  sys_name=execve
> 
> mym_waitpid=102742
> 
> syscall_enter_mym_scno=12  sys_name=brk
> 
> mym_waitpid=102742
> 
> syscall_exit_mym_scno=12  sys_name=brk
> 
> mym_waitpid=102742
> 
> syscall_enter_mym_scno=21  sys_name=access
> 
> mym_waitpid=102742
> 
> syscall_exit_mym_scno=21  sys_name=access
> 
> mym_waitpid=102742
> 
> syscall_enter_mym_scno=9  sys_name=mmap
> 
> mym_waitpid=102742
> 
> syscall_exit_mym_scno=9  sys_name=mmap
> 
> mym_waitpid=102742
> 
> syscall_enter_mym_scno=21  sys_name=access
> 
> mym_waitpid=102742
> 
> syscall_exit_mym_scno=21  sys_name=access
> 
> mym_waitpid=102742
> 
> syscall_enter_mym_scno=2  sys_name=open
> 
> mym_waitpid=102742
> 
> syscall_exit_mym_scno=2  sys_name=open
> 
> mym_waitpid=102742
> 
> syscall_enter_mym_scno=5  sys_name=fstat
> 
> mym_waitpid=102742
> 
> syscall_exit_mym_scno=5  sys_name=fstat
> 
> mym_waitpid=102742
> 
> syscall_enter_mym_scno=9  sys_name=mmap
> 
> mym_waitpid=102742
> 
> syscall_exit_mym_scno=9  sys_name=mmap
> 
> mym_waitpid=102742
> 
> syscall_enter_mym_scno=3  sys_name=close
> 
> mym_waitpid=102742
> 
> syscall_exit_mym_scno=3  sys_name=close
> 
> mym_waitpid=102742
> 
> syscall_enter_mym_scno=21  sys_name=access
> 
> mym_waitpid=102742
> 
> syscall_exit_mym_scno=21  sys_name=access
> 
> mym_waitpid=102742
> 
> syscall_enter_mym_scno=2  sys_name=open
> 
> mym_waitpid=102742
> 
> syscall_exit_mym_scno=2  sys_name=open
> 
> mym_waitpid=102742
> 
> syscall_enter_mym_scno=0  sys_name=read
> 
> mym_waitpid=102742
> 
> syscall_exit_mym_scno=0  sys_name=read
> 
> mym_waitpid=102742
> 
> syscall_enter_mym_scno=5  sys_name=fstat
> 
> mym_waitpid=102742
> 
> syscall_exit_mym_scno=5  sys_name=fstat
> 
> mym_waitpid=102742
> 
> syscall_enter_mym_scno=9  sys_name=mmap
> 
> mym_waitpid=102742
> 
> syscall_exit_mym_scno=9  sys_name=mmap
> 
> mym_waitpid=102742
> 
> syscall_enter_mym_scno=10  sys_name=mprotect
> 
> mym_waitpid=102742
> 
> syscall_exit_mym_scno=10  sys_name=mprotect
> 
> mym_waitpid=102742
> 
> syscall_enter_mym_scno=9  sys_name=mmap
> 
> mym_waitpid=102742
> 
> syscall_exit_mym_scno=9  sys_name=mmap
> 
> mym_waitpid=102742
> 
> syscall_enter_mym_scno=9  sys_name=mmap
> 
> mym_waitpid=102742
> 
> syscall_exit_mym_scno=9  sys_name=mmap
> 
> mym_waitpid=102742
> 
> syscall_enter_mym_scno=3  sys_name=close
> 
> mym_waitpid=102742
> 
> syscall_exit_mym_scno=3  sys_name=close
> 
> mym_waitpid=102742
> 
> syscall_enter_mym_scno=9  sys_name=mmap
> 
> mym_waitpid=102742
> 
> syscall_exit_mym_scno=9  sys_name=mmap
> 
> mym_waitpid=102742
> 
> syscall_enter_mym_scno=9  sys_name=mmap
> 
> mym_waitpid=102742
> 
> syscall_exit_mym_scno=9  sys_name=mmap
> 
> mym_waitpid=102742
> 
> syscall_enter_mym_scno=9  sys_name=mmap
> 
> mym_waitpid=102742
> 
> syscall_exit_mym_scno=9  sys_name=mmap
> 
> mym_waitpid=102742
> 
> syscall_enter_mym_scno=158  sys_name=arch_prctl
> 
> mym_waitpid=102742
> 
> syscall_exit_mym_scno=158  sys_name=arch_prctl
> 
> mym_waitpid=102742
> 
> syscall_enter_mym_scno=10  sys_name=mprotect
> 
> mym_waitpid=102742
> 
> syscall_exit_mym_scno=10  sys_name=mprotect
> 
> mym_waitpid=102742
> 
> syscall_enter_mym_scno=10  sys_name=mprotect
> 
> mym_waitpid=102742
> 
> syscall_exit_mym_scno=10  sys_name=mprotect
> 
> mym_waitpid=102742
> 
> syscall_enter_mym_scno=10  sys_name=mprotect
> 
> mym_waitpid=102742
> 
> syscall_exit_mym_scno=10  sys_name=mprotect
> 
> mym_waitpid=102742
> 
> syscall_enter_mym_scno=11  sys_name=munmap
> 
> mym_waitpid=102742
> 
> syscall_exit_mym_scno=11  sys_name=munmap
> 
> mym_waitpid=102742
> 
> syscall_enter_mym_scno=5  sys_name=fstat
> 
> mym_waitpid=102742
> 
> syscall_exit_mym_scno=5  sys_name=fstat
> 
> mym_waitpid=102742
> 
> syscall_enter_mym_scno=12  sys_name=brk
> 
> mym_waitpid=102742
> 
> syscall_exit_mym_scno=12  sys_name=brk
> 
> mym_waitpid=102742
> 
> syscall_enter_mym_scno=12  sys_name=brk
> 
> mym_waitpid=102742
> 
> syscall_exit_mym_scno=12  sys_name=brk
> 
> mym_waitpid=102742
> 
> syscall_enter_mym_scno=1  sys_name=write
> 
> mym_waitpid=102742
> 
> syscall_exit_mym_scno=1  sys_name=write
> 
> mym_waitpid=102742
> 
> syscall_enter_mym_scno=3  sys_name=close
> 
> mym_waitpid=102742
> 
> syscall_exit_mym_scno=3  sys_name=close
> 
> mym_waitpid=102742
> 
> syscall_enter_mym_scno=3  sys_name=close
> 
> mym_waitpid=102742
> 
> syscall_exit_mym_scno=3  sys_name=close
> 
> mym_waitpid=102742
> 
> syscall_enter_mym_scno=22  sys_name=pipe
> 
> mym_waitpid=102742
> 
> syscall_exit_mym_scno=22  sys_name=pipe
> 
> mym_waitpid=102742
> 
> syscall_enter_mym_scno=157  sys_name=prctl
> prctl(PR_SET_NO_NEW_PRIVS, 1, 0, 0, 0
> mym_waitpid=102742
> 
> syscall_exit_mym_scno=157  sys_name=prctl
> 
> mym_scall_rval=0
> ) = 0
> 
> mym_waitpid=102742
> 
> syscall_enter_mym_scno=157  sys_name=prctl
> prctl(PR_SET_SECCOMP, SECCOMP_MODE_FILTER, [BPF_STMT(BPF_LD | BPF_W | BPF_ABS, 0), BPF_JUMP(BPF_JMP | BPF_K | BPF_JEQ, 0x3, 0, 0x1), BPF_STMT(BPF_RET | BPF_K, SECCOMP_RET_ALLOW), BPF_JUMP(BPF_JMP | BPF_K | BPF_JEQ, 0x3c, 0, 0x1), BPF_STMT(BPF_RET | BPF_K, SECCOMP_RET_ALLOW), BPF_JUMP(BPF_JMP | BPF_K | BPF_JEQ, 0xe7, 0, 0x1), BPF_STMT(BPF_RET | BPF_K, SECCOMP_RET_ALLOW), BPF_JUMP(BPF_JMP | BPF_K | BPF_JEQ, 0xa2, 0, 0x1), BPF_STMT(BPF_RET | BPF_K, SECCOMP_RET_ERRNO | 0x10), BPF_JUMP(BPF_JMP | BPF_K | BPF_JEQ, 0x70, 0, 0x1), BPF_STMT(BPF_RET | BPF_K, SECCOMP_RET_ERRNO | 0x1), BPF_STMT(BPF_RET | BPF_K, SECCOMP_RET_KILL)]
> mym_waitpid=102742
> 
> syscall_exit_mym_scno=157  sys_name=prctl
> 
> mym_scall_rval=0
> ) = 0
> 
> mym_waitpid=102742
> 
> syscall_enter_mym_scno=3  sys_name=close
> 
> mym_waitpid=102742
> 
> syscall_exit_mym_scno=3  sys_name=close
> 
> mym_waitpid=102742
> 
> syscall_enter_mym_scno=3  sys_name=close
> 
> mym_waitpid=102742
> 
> syscall_exit_mym_scno=3  sys_name=close
> 
> mym_waitpid=102742
> 
> syscall_enter_mym_scno=231  sys_name=exit_group
> 
> mym_waitpid=102742
4,7d315
< lo IP Address 127.0.0.1
< ens33 IP Address 192.168.159.137
< IP Address 127.0.0.1
< IP Address 192.168.159.137
seccomp.test: failed test: ../strace -veprctl ./seccomp output mismatch
