1,4c1,304
< select(5, [3 4], [3 4], [3 4], NULL) = 1 ()
< select(5, NULL, [1 2 3 4], NULL, {789985, 789986}) = 3 (out [1 2 4], left {789985, 789984})
< select(-1, NULL, 0x5578af161040, NULL, NULL) = -1 EINVAL (Invalid argument)
< select(1025, [3], [], NULL, {0, 123}) = 0 (Timeout)
---
> 
> mym_waitpid=102762
> 
> mym_waitpid=102762
> 
> mym_waitpid=102762
> 
> syscall_enter_mym_scno=59  sys_name=execve
> 
> mym_waitpid=102762
> 
> mym_waitpid=102762
> 
> syscall_exit_mym_scno=59  sys_name=execve
> 
> mym_waitpid=102762
> 
> syscall_enter_mym_scno=12  sys_name=brk
> 
> mym_waitpid=102762
> 
> syscall_exit_mym_scno=12  sys_name=brk
> 
> mym_waitpid=102762
> 
> syscall_enter_mym_scno=21  sys_name=access
> 
> mym_waitpid=102762
> 
> syscall_exit_mym_scno=21  sys_name=access
> 
> mym_waitpid=102762
> 
> syscall_enter_mym_scno=9  sys_name=mmap
> 
> mym_waitpid=102762
> 
> syscall_exit_mym_scno=9  sys_name=mmap
> 
> mym_waitpid=102762
> 
> syscall_enter_mym_scno=21  sys_name=access
> 
> mym_waitpid=102762
> 
> syscall_exit_mym_scno=21  sys_name=access
> 
> mym_waitpid=102762
> 
> syscall_enter_mym_scno=2  sys_name=open
> 
> mym_waitpid=102762
> 
> syscall_exit_mym_scno=2  sys_name=open
> 
> mym_waitpid=102762
> 
> syscall_enter_mym_scno=5  sys_name=fstat
> 
> mym_waitpid=102762
> 
> syscall_exit_mym_scno=5  sys_name=fstat
> 
> mym_waitpid=102762
> 
> syscall_enter_mym_scno=9  sys_name=mmap
> 
> mym_waitpid=102762
> 
> syscall_exit_mym_scno=9  sys_name=mmap
> 
> mym_waitpid=102762
> 
> syscall_enter_mym_scno=3  sys_name=close
> 
> mym_waitpid=102762
> 
> syscall_exit_mym_scno=3  sys_name=close
> 
> mym_waitpid=102762
> 
> syscall_enter_mym_scno=21  sys_name=access
> 
> mym_waitpid=102762
> 
> syscall_exit_mym_scno=21  sys_name=access
> 
> mym_waitpid=102762
> 
> syscall_enter_mym_scno=2  sys_name=open
> 
> mym_waitpid=102762
> 
> syscall_exit_mym_scno=2  sys_name=open
> 
> mym_waitpid=102762
> 
> syscall_enter_mym_scno=0  sys_name=read
> 
> mym_waitpid=102762
> 
> syscall_exit_mym_scno=0  sys_name=read
> 
> mym_waitpid=102762
> 
> syscall_enter_mym_scno=5  sys_name=fstat
> 
> mym_waitpid=102762
> 
> syscall_exit_mym_scno=5  sys_name=fstat
> 
> mym_waitpid=102762
> 
> syscall_enter_mym_scno=9  sys_name=mmap
> 
> mym_waitpid=102762
> 
> syscall_exit_mym_scno=9  sys_name=mmap
> 
> mym_waitpid=102762
> 
> syscall_enter_mym_scno=10  sys_name=mprotect
> 
> mym_waitpid=102762
> 
> syscall_exit_mym_scno=10  sys_name=mprotect
> 
> mym_waitpid=102762
> 
> syscall_enter_mym_scno=9  sys_name=mmap
> 
> mym_waitpid=102762
> 
> syscall_exit_mym_scno=9  sys_name=mmap
> 
> mym_waitpid=102762
> 
> syscall_enter_mym_scno=9  sys_name=mmap
> 
> mym_waitpid=102762
> 
> syscall_exit_mym_scno=9  sys_name=mmap
> 
> mym_waitpid=102762
> 
> syscall_enter_mym_scno=3  sys_name=close
> 
> mym_waitpid=102762
> 
> syscall_exit_mym_scno=3  sys_name=close
> 
> mym_waitpid=102762
> 
> syscall_enter_mym_scno=9  sys_name=mmap
> 
> mym_waitpid=102762
> 
> syscall_exit_mym_scno=9  sys_name=mmap
> 
> mym_waitpid=102762
> 
> syscall_enter_mym_scno=9  sys_name=mmap
> 
> mym_waitpid=102762
> 
> syscall_exit_mym_scno=9  sys_name=mmap
> 
> mym_waitpid=102762
> 
> syscall_enter_mym_scno=9  sys_name=mmap
> 
> mym_waitpid=102762
> 
> syscall_exit_mym_scno=9  sys_name=mmap
> 
> mym_waitpid=102762
> 
> syscall_enter_mym_scno=158  sys_name=arch_prctl
> 
> mym_waitpid=102762
> 
> syscall_exit_mym_scno=158  sys_name=arch_prctl
> 
> mym_waitpid=102762
> 
> syscall_enter_mym_scno=10  sys_name=mprotect
> 
> mym_waitpid=102762
> 
> syscall_exit_mym_scno=10  sys_name=mprotect
> 
> mym_waitpid=102762
> 
> syscall_enter_mym_scno=10  sys_name=mprotect
> 
> mym_waitpid=102762
> 
> syscall_exit_mym_scno=10  sys_name=mprotect
> 
> mym_waitpid=102762
> 
> syscall_enter_mym_scno=10  sys_name=mprotect
> 
> mym_waitpid=102762
> 
> syscall_exit_mym_scno=10  sys_name=mprotect
> 
> mym_waitpid=102762
> 
> syscall_enter_mym_scno=11  sys_name=munmap
> 
> mym_waitpid=102762
> 
> syscall_exit_mym_scno=11  sys_name=munmap
> 
> mym_waitpid=102762
> 
> syscall_enter_mym_scno=22  sys_name=pipe
> 
> mym_waitpid=102762
> 
> syscall_exit_mym_scno=22  sys_name=pipe
> 
> mym_waitpid=102762
> 
> syscall_enter_mym_scno=23  sys_name=select
> select(5, [3 4], [3 4], [3 4], NULL
> mym_waitpid=102762
> 
> syscall_exit_mym_scno=23  sys_name=select
> 
> mym_scall_rval=0x1
> ) = 1 ()
> 
> mym_waitpid=102762
> 
> syscall_enter_mym_scno=5  sys_name=fstat
> 
> mym_waitpid=102762
> 
> syscall_exit_mym_scno=5  sys_name=fstat
> 
> mym_waitpid=102762
> 
> syscall_enter_mym_scno=12  sys_name=brk
> 
> mym_waitpid=102762
> 
> syscall_exit_mym_scno=12  sys_name=brk
> 
> mym_waitpid=102762
> 
> syscall_enter_mym_scno=12  sys_name=brk
> 
> mym_waitpid=102762
> 
> syscall_exit_mym_scno=12  sys_name=brk
> 
> mym_waitpid=102762
> 
> syscall_enter_mym_scno=23  sys_name=select
> select(5, NULL, [1 2 3 4], NULL, {789985, 789986}
> mym_waitpid=102762
> 
> syscall_exit_mym_scno=23  sys_name=select
> 
> mym_scall_rval=0x3
> ) = 3 (out [1 2 4], left {789985, 789984})
> 
> mym_waitpid=102762
> 
> syscall_enter_mym_scno=23  sys_name=select
> select(-1, NULL, 0x5578af161040, NULL, NULL
> mym_waitpid=102762
> 
> syscall_exit_mym_scno=23  sys_name=select
> 
> mym_scall_rval=0xffffffffffffffff
> ) = -1 EINVAL (Invalid argument)
> 
> mym_waitpid=102762
> 
> syscall_enter_mym_scno=23  sys_name=select
> select(1025, [3], [], NULL, {0, 123}
> mym_waitpid=102762
> 
> syscall_exit_mym_scno=23  sys_name=select
> 
> mym_scall_rval=0
> ) = 0 (Timeout)
> 
> mym_waitpid=102762
> 
> syscall_enter_mym_scno=1  sys_name=write
> 
> mym_waitpid=102762
> 
> syscall_exit_mym_scno=1  sys_name=write
> 
> mym_waitpid=102762
> 
> syscall_enter_mym_scno=231  sys_name=exit_group
> 
> mym_waitpid=102762
6,9d305
< lo IP Address 127.0.0.1
< ens33 IP Address 192.168.159.137
< IP Address 127.0.0.1
< IP Address 192.168.159.137
select.test: failed test: ../strace -a36 -eselect ./select output mismatch
