1c1,279
< time([1489666178]) = 1489666178
---
> 
> mym_waitpid=103017
> 
> mym_waitpid=103017
> 
> mym_waitpid=103017
> 
> syscall_enter_mym_scno=59  sys_name=execve
> 
> mym_waitpid=103017
> 
> mym_waitpid=103017
> 
> syscall_exit_mym_scno=59  sys_name=execve
> 
> mym_waitpid=103017
> 
> syscall_enter_mym_scno=12  sys_name=brk
> 
> mym_waitpid=103017
> 
> syscall_exit_mym_scno=12  sys_name=brk
> 
> mym_waitpid=103017
> 
> syscall_enter_mym_scno=21  sys_name=access
> 
> mym_waitpid=103017
> 
> syscall_exit_mym_scno=21  sys_name=access
> 
> mym_waitpid=103017
> 
> syscall_enter_mym_scno=9  sys_name=mmap
> 
> mym_waitpid=103017
> 
> syscall_exit_mym_scno=9  sys_name=mmap
> 
> mym_waitpid=103017
> 
> syscall_enter_mym_scno=21  sys_name=access
> 
> mym_waitpid=103017
> 
> syscall_exit_mym_scno=21  sys_name=access
> 
> mym_waitpid=103017
> 
> syscall_enter_mym_scno=2  sys_name=open
> 
> mym_waitpid=103017
> 
> syscall_exit_mym_scno=2  sys_name=open
> 
> mym_waitpid=103017
> 
> syscall_enter_mym_scno=5  sys_name=fstat
> 
> mym_waitpid=103017
> 
> syscall_exit_mym_scno=5  sys_name=fstat
> 
> mym_waitpid=103017
> 
> syscall_enter_mym_scno=9  sys_name=mmap
> 
> mym_waitpid=103017
> 
> syscall_exit_mym_scno=9  sys_name=mmap
> 
> mym_waitpid=103017
> 
> syscall_enter_mym_scno=3  sys_name=close
> 
> mym_waitpid=103017
> 
> syscall_exit_mym_scno=3  sys_name=close
> 
> mym_waitpid=103017
> 
> syscall_enter_mym_scno=21  sys_name=access
> 
> mym_waitpid=103017
> 
> syscall_exit_mym_scno=21  sys_name=access
> 
> mym_waitpid=103017
> 
> syscall_enter_mym_scno=2  sys_name=open
> 
> mym_waitpid=103017
> 
> syscall_exit_mym_scno=2  sys_name=open
> 
> mym_waitpid=103017
> 
> syscall_enter_mym_scno=0  sys_name=read
> 
> mym_waitpid=103017
> 
> syscall_exit_mym_scno=0  sys_name=read
> 
> mym_waitpid=103017
> 
> syscall_enter_mym_scno=5  sys_name=fstat
> 
> mym_waitpid=103017
> 
> syscall_exit_mym_scno=5  sys_name=fstat
> 
> mym_waitpid=103017
> 
> syscall_enter_mym_scno=9  sys_name=mmap
> 
> mym_waitpid=103017
> 
> syscall_exit_mym_scno=9  sys_name=mmap
> 
> mym_waitpid=103017
> 
> syscall_enter_mym_scno=10  sys_name=mprotect
> 
> mym_waitpid=103017
> 
> syscall_exit_mym_scno=10  sys_name=mprotect
> 
> mym_waitpid=103017
> 
> syscall_enter_mym_scno=9  sys_name=mmap
> 
> mym_waitpid=103017
> 
> syscall_exit_mym_scno=9  sys_name=mmap
> 
> mym_waitpid=103017
> 
> syscall_enter_mym_scno=9  sys_name=mmap
> 
> mym_waitpid=103017
> 
> syscall_exit_mym_scno=9  sys_name=mmap
> 
> mym_waitpid=103017
> 
> syscall_enter_mym_scno=3  sys_name=close
> 
> mym_waitpid=103017
> 
> syscall_exit_mym_scno=3  sys_name=close
> 
> mym_waitpid=103017
> 
> syscall_enter_mym_scno=9  sys_name=mmap
> 
> mym_waitpid=103017
> 
> syscall_exit_mym_scno=9  sys_name=mmap
> 
> mym_waitpid=103017
> 
> syscall_enter_mym_scno=9  sys_name=mmap
> 
> mym_waitpid=103017
> 
> syscall_exit_mym_scno=9  sys_name=mmap
> 
> mym_waitpid=103017
> 
> syscall_enter_mym_scno=9  sys_name=mmap
> 
> mym_waitpid=103017
> 
> syscall_exit_mym_scno=9  sys_name=mmap
> 
> mym_waitpid=103017
> 
> syscall_enter_mym_scno=158  sys_name=arch_prctl
> 
> mym_waitpid=103017
> 
> syscall_exit_mym_scno=158  sys_name=arch_prctl
> 
> mym_waitpid=103017
> 
> syscall_enter_mym_scno=10  sys_name=mprotect
> 
> mym_waitpid=103017
> 
> syscall_exit_mym_scno=10  sys_name=mprotect
> 
> mym_waitpid=103017
> 
> syscall_enter_mym_scno=10  sys_name=mprotect
> 
> mym_waitpid=103017
> 
> syscall_exit_mym_scno=10  sys_name=mprotect
> 
> mym_waitpid=103017
> 
> syscall_enter_mym_scno=10  sys_name=mprotect
> 
> mym_waitpid=103017
> 
> syscall_exit_mym_scno=10  sys_name=mprotect
> 
> mym_waitpid=103017
> 
> syscall_enter_mym_scno=11  sys_name=munmap
> 
> mym_waitpid=103017
> 
> syscall_exit_mym_scno=11  sys_name=munmap
> 
> mym_waitpid=103017
> 
> syscall_enter_mym_scno=9  sys_name=mmap
> 
> mym_waitpid=103017
> 
> syscall_exit_mym_scno=9  sys_name=mmap
> 
> mym_waitpid=103017
> 
> syscall_enter_mym_scno=10  sys_name=mprotect
> 
> mym_waitpid=103017
> 
> syscall_exit_mym_scno=10  sys_name=mprotect
> 
> mym_waitpid=103017
> 
> syscall_enter_mym_scno=201  sys_name=time
> time(
> mym_waitpid=103017
> 
> syscall_exit_mym_scno=201  sys_name=time
> [1489666178]
> mym_scall_rval=0x58ca8082
> ) = 1489666178
> 
> mym_waitpid=103017
> 
> syscall_enter_mym_scno=5  sys_name=fstat
> 
> mym_waitpid=103017
> 
> syscall_exit_mym_scno=5  sys_name=fstat
> 
> mym_waitpid=103017
> 
> syscall_enter_mym_scno=12  sys_name=brk
> 
> mym_waitpid=103017
> 
> syscall_exit_mym_scno=12  sys_name=brk
> 
> mym_waitpid=103017
> 
> syscall_enter_mym_scno=12  sys_name=brk
> 
> mym_waitpid=103017
> 
> syscall_exit_mym_scno=12  sys_name=brk
> 
> mym_waitpid=103017
> 
> syscall_enter_mym_scno=1  sys_name=write
> 
> mym_waitpid=103017
> 
> syscall_exit_mym_scno=1  sys_name=write
> 
> mym_waitpid=103017
> 
> syscall_enter_mym_scno=231  sys_name=exit_group
> 
> mym_waitpid=103017
3,6d280
< lo IP Address 127.0.0.1
< ens33 IP Address 192.168.159.137
< IP Address 127.0.0.1
< IP Address 192.168.159.137
time.test: failed test: ../strace -a10 -etime ./time output mismatch
