1c1,319
< utime("utime\nfilename", [2017/03/16-08:09:40, 2017/03/16-08:09:40]) = -1 ENOENT (No such file or directory)
---
> 
> mym_waitpid=103391
> 
> mym_waitpid=103391
> 
> mym_waitpid=103391
> 
> syscall_enter_mym_scno=59  sys_name=execve
> 
> mym_waitpid=103391
> 
> mym_waitpid=103391
> 
> syscall_exit_mym_scno=59  sys_name=execve
> 
> mym_waitpid=103391
> 
> syscall_enter_mym_scno=12  sys_name=brk
> 
> mym_waitpid=103391
> 
> syscall_exit_mym_scno=12  sys_name=brk
> 
> mym_waitpid=103391
> 
> syscall_enter_mym_scno=21  sys_name=access
> 
> mym_waitpid=103391
> 
> syscall_exit_mym_scno=21  sys_name=access
> 
> mym_waitpid=103391
> 
> syscall_enter_mym_scno=9  sys_name=mmap
> 
> mym_waitpid=103391
> 
> syscall_exit_mym_scno=9  sys_name=mmap
> 
> mym_waitpid=103391
> 
> syscall_enter_mym_scno=21  sys_name=access
> 
> mym_waitpid=103391
> 
> syscall_exit_mym_scno=21  sys_name=access
> 
> mym_waitpid=103391
> 
> syscall_enter_mym_scno=2  sys_name=open
> 
> mym_waitpid=103391
> 
> syscall_exit_mym_scno=2  sys_name=open
> 
> mym_waitpid=103391
> 
> syscall_enter_mym_scno=5  sys_name=fstat
> 
> mym_waitpid=103391
> 
> syscall_exit_mym_scno=5  sys_name=fstat
> 
> mym_waitpid=103391
> 
> syscall_enter_mym_scno=9  sys_name=mmap
> 
> mym_waitpid=103391
> 
> syscall_exit_mym_scno=9  sys_name=mmap
> 
> mym_waitpid=103391
> 
> syscall_enter_mym_scno=3  sys_name=close
> 
> mym_waitpid=103391
> 
> syscall_exit_mym_scno=3  sys_name=close
> 
> mym_waitpid=103391
> 
> syscall_enter_mym_scno=21  sys_name=access
> 
> mym_waitpid=103391
> 
> syscall_exit_mym_scno=21  sys_name=access
> 
> mym_waitpid=103391
> 
> syscall_enter_mym_scno=2  sys_name=open
> 
> mym_waitpid=103391
> 
> syscall_exit_mym_scno=2  sys_name=open
> 
> mym_waitpid=103391
> 
> syscall_enter_mym_scno=0  sys_name=read
> 
> mym_waitpid=103391
> 
> syscall_exit_mym_scno=0  sys_name=read
> 
> mym_waitpid=103391
> 
> syscall_enter_mym_scno=5  sys_name=fstat
> 
> mym_waitpid=103391
> 
> syscall_exit_mym_scno=5  sys_name=fstat
> 
> mym_waitpid=103391
> 
> syscall_enter_mym_scno=9  sys_name=mmap
> 
> mym_waitpid=103391
> 
> syscall_exit_mym_scno=9  sys_name=mmap
> 
> mym_waitpid=103391
> 
> syscall_enter_mym_scno=10  sys_name=mprotect
> 
> mym_waitpid=103391
> 
> syscall_exit_mym_scno=10  sys_name=mprotect
> 
> mym_waitpid=103391
> 
> syscall_enter_mym_scno=9  sys_name=mmap
> 
> mym_waitpid=103391
> 
> syscall_exit_mym_scno=9  sys_name=mmap
> 
> mym_waitpid=103391
> 
> syscall_enter_mym_scno=9  sys_name=mmap
> 
> mym_waitpid=103391
> 
> syscall_exit_mym_scno=9  sys_name=mmap
> 
> mym_waitpid=103391
> 
> syscall_enter_mym_scno=3  sys_name=close
> 
> mym_waitpid=103391
> 
> syscall_exit_mym_scno=3  sys_name=close
> 
> mym_waitpid=103391
> 
> syscall_enter_mym_scno=9  sys_name=mmap
> 
> mym_waitpid=103391
> 
> syscall_exit_mym_scno=9  sys_name=mmap
> 
> mym_waitpid=103391
> 
> syscall_enter_mym_scno=9  sys_name=mmap
> 
> mym_waitpid=103391
> 
> syscall_exit_mym_scno=9  sys_name=mmap
> 
> mym_waitpid=103391
> 
> syscall_enter_mym_scno=9  sys_name=mmap
> 
> mym_waitpid=103391
> 
> syscall_exit_mym_scno=9  sys_name=mmap
> 
> mym_waitpid=103391
> 
> syscall_enter_mym_scno=158  sys_name=arch_prctl
> 
> mym_waitpid=103391
> 
> syscall_exit_mym_scno=158  sys_name=arch_prctl
> 
> mym_waitpid=103391
> 
> syscall_enter_mym_scno=10  sys_name=mprotect
> 
> mym_waitpid=103391
> 
> syscall_exit_mym_scno=10  sys_name=mprotect
> 
> mym_waitpid=103391
> 
> syscall_enter_mym_scno=10  sys_name=mprotect
> 
> mym_waitpid=103391
> 
> syscall_exit_mym_scno=10  sys_name=mprotect
> 
> mym_waitpid=103391
> 
> syscall_enter_mym_scno=10  sys_name=mprotect
> 
> mym_waitpid=103391
> 
> syscall_exit_mym_scno=10  sys_name=mprotect
> 
> mym_waitpid=103391
> 
> syscall_enter_mym_scno=11  sys_name=munmap
> 
> mym_waitpid=103391
> 
> syscall_exit_mym_scno=11  sys_name=munmap
> 
> mym_waitpid=103391
> 
> syscall_enter_mym_scno=12  sys_name=brk
> 
> mym_waitpid=103391
> 
> syscall_exit_mym_scno=12  sys_name=brk
> 
> mym_waitpid=103391
> 
> syscall_enter_mym_scno=12  sys_name=brk
> 
> mym_waitpid=103391
> 
> syscall_exit_mym_scno=12  sys_name=brk
> 
> mym_waitpid=103391
> 
> syscall_enter_mym_scno=2  sys_name=open
> 
> mym_waitpid=103391
> 
> syscall_exit_mym_scno=2  sys_name=open
> 
> mym_waitpid=103391
> 
> syscall_enter_mym_scno=5  sys_name=fstat
> 
> mym_waitpid=103391
> 
> syscall_exit_mym_scno=5  sys_name=fstat
> 
> mym_waitpid=103391
> 
> syscall_enter_mym_scno=5  sys_name=fstat
> 
> mym_waitpid=103391
> 
> syscall_exit_mym_scno=5  sys_name=fstat
> 
> mym_waitpid=103391
> 
> syscall_enter_mym_scno=0  sys_name=read
> 
> mym_waitpid=103391
> 
> syscall_exit_mym_scno=0  sys_name=read
> 
> mym_waitpid=103391
> 
> syscall_enter_mym_scno=8  sys_name=lseek
> 
> mym_waitpid=103391
> 
> syscall_exit_mym_scno=8  sys_name=lseek
> 
> mym_waitpid=103391
> 
> syscall_enter_mym_scno=0  sys_name=read
> 
> mym_waitpid=103391
> 
> syscall_exit_mym_scno=0  sys_name=read
> 
> mym_waitpid=103391
> 
> syscall_enter_mym_scno=3  sys_name=close
> 
> mym_waitpid=103391
> 
> syscall_exit_mym_scno=3  sys_name=close
> 
> mym_waitpid=103391
> 
> syscall_enter_mym_scno=5  sys_name=fstat
> 
> mym_waitpid=103391
> 
> syscall_exit_mym_scno=5  sys_name=fstat
> 
> mym_waitpid=103391
> 
> syscall_enter_mym_scno=132  sys_name=utime
> utime("utime\nfilename", [2017/03/16-08:09:40, 2017/03/16-08:09:40]
> mym_waitpid=103391
> 
> syscall_exit_mym_scno=132  sys_name=utime
> 
> mym_scall_rval=0xffffffffffffffff
> ) = -1 ENOENT (No such file or directory)
> 
> mym_waitpid=103391
> 
> syscall_enter_mym_scno=1  sys_name=write
> 
> mym_waitpid=103391
> 
> syscall_exit_mym_scno=1  sys_name=write
> 
> mym_waitpid=103391
> 
> syscall_enter_mym_scno=231  sys_name=exit_group
> 
> mym_waitpid=103391
3,6d320
< lo IP Address 127.0.0.1
< ens33 IP Address 192.168.159.137
< IP Address 127.0.0.1
< IP Address 192.168.159.137
utime.test: failed test: ../strace -e utime ./utime output mismatch
